Archive member included to satisfy reference by file (symbol)

/home/jins/bl_iot_sdk/customer_app/tt_app_temperature/build_out/bl602/libbl602.a(start.o)
                              (bl602_start)
/home/jins/bl_iot_sdk/customer_app/tt_app_temperature/build_out/hal_drv/libhal_drv.a(hal_boot2.o)
                              /home/jins/bl_iot_sdk/customer_app/tt_app_temperature/build_out/bl602/libbl602.a(start.o) (hal_boot2_get_flash_addr)
/home/jins/bl_iot_sdk/customer_app/tt_app_temperature/build_out/hal_drv/libhal_drv.a(bl_boot2.o)
                              /home/jins/bl_iot_sdk/customer_app/tt_app_temperature/build_out/hal_drv/libhal_drv.a(hal_boot2.o) (PtTable_Update_Entry)
/home/jins/bl_iot_sdk/customer_app/tt_app_temperature/build_out/hal_drv/libhal_drv.a(bl_flash.o)
                              /home/jins/bl_iot_sdk/customer_app/tt_app_temperature/build_out/hal_drv/libhal_drv.a(bl_boot2.o) (bl_flash_erase)
/home/jins/bl_iot_sdk/customer_app/tt_app_temperature/build_out/tt_app_temperature/libtt_app_temperature.a(main.o)
                              /home/jins/bl_iot_sdk/customer_app/tt_app_temperature/build_out/bl602/libbl602.a(start.o) (bfl_main)
/home/jins/bl_iot_sdk/customer_app/tt_app_temperature/build_out/bl602/libbl602.a(debug.o)
                              /home/jins/bl_iot_sdk/customer_app/tt_app_temperature/build_out/tt_app_temperature/libtt_app_temperature.a(main.o) (printf)
/home/jins/bl_iot_sdk/customer_app/tt_app_temperature/build_out/bl602_std/libbl602_std.a(bl602_common.o)
                              /home/jins/bl_iot_sdk/customer_app/tt_app_temperature/build_out/tt_app_temperature/libtt_app_temperature.a(main.o) (BL602_Delay_US)
/home/jins/bl_iot_sdk/customer_app/tt_app_temperature/build_out/bl602_std/libbl602_std.a(softcrc.o)
                              /home/jins/bl_iot_sdk/customer_app/tt_app_temperature/build_out/hal_drv/libhal_drv.a(bl_boot2.o) (BFLB_Soft_CRC32)
/home/jins/bl_iot_sdk/customer_app/tt_app_temperature/build_out/bl602_std/libbl602_std.a(platform_device.o)
                              /home/jins/bl_iot_sdk/customer_app/tt_app_temperature/build_out/bl602_std/libbl602_std.a(bl602_common.o) (bflb_platform_printf)
/home/jins/bl_iot_sdk/customer_app/tt_app_temperature/build_out/bl602_std/libbl602_std.a(platform_gpio.o)
                              /home/jins/bl_iot_sdk/customer_app/tt_app_temperature/build_out/bl602_std/libbl602_std.a(platform_device.o) (bflb_platform_init_uart_debug_gpio)
/home/jins/bl_iot_sdk/customer_app/tt_app_temperature/build_out/bl602_std/libbl602_std.a(ring_buffer.o)
                              /home/jins/bl_iot_sdk/customer_app/tt_app_temperature/build_out/bl602_std/libbl602_std.a(platform_device.o) (Ring_Buffer_Init)
/home/jins/bl_iot_sdk/customer_app/tt_app_temperature/build_out/bl602_std/libbl602_std.a(interrupt.o)
                              /home/jins/bl_iot_sdk/customer_app/tt_app_temperature/build_out/bl602_std/libbl602_std.a(platform_device.o) (clic_enable_interrupt)
/home/jins/bl_iot_sdk/customer_app/tt_app_temperature/build_out/bl602_std/libbl602_std.a(bl602_romapi.o)
                              /home/jins/bl_iot_sdk/customer_app/tt_app_temperature/build_out/bl602_std/libbl602_std.a(platform_device.o) (GLB_Get_BCLK_Div)
/home/jins/bl_iot_sdk/customer_app/tt_app_temperature/build_out/bl602_std/libbl602_std.a(bl602_uart.o)
                              /home/jins/bl_iot_sdk/customer_app/tt_app_temperature/build_out/bl602_std/libbl602_std.a(platform_device.o) (UART_Init)
/home/jins/bl_iot_sdk/customer_app/tt_app_temperature/build_out/bl602_std/libbl602_std.a(bl602_sec_eng.o)
                              /home/jins/bl_iot_sdk/customer_app/tt_app_temperature/build_out/bl602_std/libbl602_std.a(platform_device.o) (Sec_Eng_Trng_Enable)
/home/jins/bl_iot_sdk/customer_app/tt_app_temperature/build_out/bl602_std/libbl602_std.a(bl602_glb.o)
                              /home/jins/bl_iot_sdk/customer_app/tt_app_temperature/build_out/bl602_std/libbl602_std.a(platform_device.o) (GLB_Set_UART_CLK)
/home/jins/bl_iot_sdk/customer_app/tt_app_temperature/build_out/bl602_std/libbl602_std.a(bl602_hbn.o)
                              /home/jins/bl_iot_sdk/customer_app/tt_app_temperature/build_out/bl602_std/libbl602_std.a(bl602_glb.o) (HBN_Set_UART_CLK_Sel)
/home/jins/bl_iot_sdk/customer_app/tt_app_temperature/build_out/hal_drv/libhal_drv.a(bl_uart.o)
                              /home/jins/bl_iot_sdk/customer_app/tt_app_temperature/build_out/tt_app_temperature/libtt_app_temperature.a(main.o) (bl_uart_init)
/home/jins/bl_iot_sdk/customer_app/tt_app_temperature/build_out/hal_drv/libhal_drv.a(bl_sys.o)
                              /home/jins/bl_iot_sdk/customer_app/tt_app_temperature/build_out/bl602/libbl602.a(debug.o) (sys_log_all_enable)
/home/jins/bl_iot_sdk/customer_app/tt_app_temperature/build_out/hal_drv/libhal_drv.a(bl_irq.o)
[...]
Memory Configuration

Name             Origin             Length             Attributes
rom              0x0000000021015000 0x000000000000b000 axrl !w
flash            0x0000000023000000 0x0000000000400000 axrl !w
ram_tcm          0x000000004200c000 0x0000000000036000 axw
ram_wifi         0x0000000042042000 0x000000000000a000 axw
*default*        0x0000000000000000 0xffffffffffffffff

Linker script and memory map

START GROUP
LOAD /home/jins/bl_iot_sdk/customer_app/tt_app_temperature/build_out/bl602/libbl602.a
LOAD /home/jins/bl_iot_sdk/customer_app/tt_app_temperature/build_out/bl602_std/libbl602_std.a
LOAD /home/jins/bl_iot_sdk/customer_app/tt_app_temperature/build_out/blfdt/libblfdt.a
LOAD /home/jins/bl_iot_sdk/customer_app/tt_app_temperature/build_out/blmtd/libblmtd.a
LOAD /home/jins/bl_iot_sdk/customer_app/tt_app_temperature/build_out/blog/libblog.a
LOAD /home/jins/bl_iot_sdk/customer_app/tt_app_temperature/build_out/blog_testc/libblog_testc.a
LOAD /home/jins/bl_iot_sdk/customer_app/tt_app_temperature/build_out/bloop/libbloop.a
LOAD /home/jins/bl_iot_sdk/customer_app/tt_app_temperature/build_out/bltime/libbltime.a
LOAD /home/jins/bl_iot_sdk/customer_app/tt_app_temperature/build_out/cli/libcli.a
LOAD /home/jins/bl_iot_sdk/customer_app/tt_app_temperature/build_out/freertos_riscv_ram/libfreertos_riscv_ram.a
LOAD /home/jins/bl_iot_sdk/customer_app/tt_app_temperature/build_out/hal_drv/libhal_drv.a
LOAD /home/jins/bl_iot_sdk/customer_app/tt_app_temperature/build_out/looprt/liblooprt.a
LOAD /home/jins/bl_iot_sdk/customer_app/tt_app_temperature/build_out/loopset/libloopset.a
LOAD /home/jins/bl_iot_sdk/customer_app/tt_app_temperature/build_out/romfs/libromfs.a
LOAD /home/jins/bl_iot_sdk/customer_app/tt_app_temperature/build_out/tt_app_temperature/libtt_app_temperature.a
LOAD /home/jins/bl_iot_sdk/customer_app/tt_app_temperature/build_out/utils/libutils.a
LOAD /home/jins/bl_iot_sdk/customer_app/tt_app_temperature/build_out/vfs/libvfs.a
LOAD /home/jins/bl_iot_sdk/customer_app/tt_app_temperature/build_out/yloop/libyloop.a
END GROUP
LOAD /home/jins/bl_iot_sdk/toolchain/riscv/Linux/bin/../lib/gcc/riscv64-unknown-elf/8.3.0/../../../../riscv64-unknown-elf/lib/rv32imf/ilp32f/libm.a
LOAD /home/jins/bl_iot_sdk/toolchain/riscv/Linux/bin/../lib/gcc/riscv64-unknown-elf/8.3.0/rv32imf/ilp32f/libgcc.a
START GROUP
LOAD /home/jins/bl_iot_sdk/toolchain/riscv/Linux/bin/../lib/gcc/riscv64-unknown-elf/8.3.0/../../../../riscv64-unknown-elf/lib/rv32imf/ilp32f/libc.a
LOAD /home/jins/bl_iot_sdk/toolchain/riscv/Linux/bin/../lib/gcc/riscv64-unknown-elf/8.3.0/../../../../riscv64-unknown-elf/lib/rv32imf/ilp32f/libgloss.a
END GROUP
LOAD /home/jins/bl_iot_sdk/toolchain/riscv/Linux/bin/../lib/gcc/riscv64-unknown-elf/8.3.0/rv32imf/ilp32f/libgcc.a
                0x0000000000000000                __EM_SIZE = DEFINED (ble_controller_init)?0x2000:0x0
                0x0000000000000800                __stack_size = DEFINED (__stack_size)?__stack_size:0x800
                0x0000000042049c00                BOOT2_PT_ADDR = 0x42049c00
                0x0000000042049c18                BOOT2_FLASHCFG_ADDR = 0x42049c18

.init           0x0000000023000000      0x282
 *(SORT_NONE(.init))
 .init          0x0000000023000000      0x11c /home/jins/bl_iot_sdk/customer_app/tt_app_temperature/build_out/bl602/libbl602.a(start.o)
                0x0000000023000000                bl602_start
 *fill*         0x000000002300011c       0x24 
 .init          0x0000000023000140      0x142 /home/jins/bl_iot_sdk/customer_app/tt_app_temperature/build_out/bl602_std/libbl602_std.a(interrupt.o)
                0x0000000023000140                __Vectors

.text           0x0000000023000284     0x4c00
 *(.text.unlikely .text.unlikely.*)
 *(.text.startup .text.startup.*)
 *(.text .text.*)
 .text.hal_boot2_get_flash_addr
                0x0000000023000284       0x18 /home/jins/bl_iot_sdk/customer_app/tt_app_temperature/build_out/hal_drv/libhal_drv.a(hal_boot2.o)
                0x0000000023000284                hal_boot2_get_flash_addr
 .text.init_gpio_system
                0x000000002300029c        0xa /home/jins/bl_iot_sdk/customer_app/tt_app_temperature/build_out/tt_app_temperature/libtt_app_temperature.a(main.o)
                0x000000002300029c                init_gpio_system
 .text.read_dht22_data
                0x00000000230002a6       0xda /home/jins/bl_iot_sdk/customer_app/tt_app_temperature/build_out/tt_app_temperature/libtt_app_temperature.a(main.o)
                0x00000000230002a6                read_dht22_data
 .text.bfl_main
                0x0000000023000380       0x30 /home/jins/bl_iot_sdk/customer_app/tt_app_temperature/build_out/tt_app_temperature/libtt_app_temperature.a(main.o)
                0x0000000023000380                bfl_main
 .text.format_int
                0x00000000230003b0      0x25a /home/jins/bl_iot_sdk/customer_app/tt_app_temperature/build_out/bl602/libbl602.a(debug.o)
 .text.cvt      0x000000002300060a      0x23a /home/jins/bl_iot_sdk/customer_app/tt_app_temperature/build_out/bl602/libbl602.a(debug.o)
 .text.ecvtbuf  0x0000000023000844        0x4 /home/jins/bl_iot_sdk/customer_app/tt_app_temperature/build_out/bl602/libbl602.a(debug.o)
                0x0000000023000844                ecvtbuf
 .text.fcvtbuf  0x0000000023000848        0x4 /home/jins/bl_iot_sdk/customer_app/tt_app_temperature/build_out/bl602/libbl602.a(debug.o)
                0x0000000023000848                fcvtbuf
 .text.flt      0x000000002300084c      0x436 /home/jins/bl_iot_sdk/customer_app/tt_app_temperature/build_out/bl602/libbl602.a(debug.o)
 .text.vsnprintf
                0x0000000023000c82      0x4d2 /home/jins/bl_iot_sdk/customer_app/tt_app_temperature/build_out/bl602/libbl602.a(debug.o)
                0x0000000023000c82                vsnprintf
 .text.vsprintf
                0x0000000023001154        0xa /home/jins/bl_iot_sdk/customer_app/tt_app_temperature/build_out/bl602/libbl602.a(debug.o)
                0x0000000023001154                vsprintf
 .text.vprint   0x000000002300115e       0x3a /home/jins/bl_iot_sdk/customer_app/tt_app_temperature/build_out/bl602/libbl602.a(debug.o)
                0x000000002300115e                vprint
 .text.printf   0x0000000023001198       0x2a /home/jins/bl_iot_sdk/customer_app/tt_app_temperature/build_out/bl602/libbl602.a(debug.o)
                0x0000000023001198                printf
 .text.Default_Handler
                0x00000000230011c2        0xa /home/jins/bl_iot_sdk/customer_app/tt_app_temperature/build_out/bl602_std/libbl602_std.a(bl602_common.o)
                0x00000000230011c2                Default_Handler
 .text.bflb_platform_usart_dbg_send
                0x00000000230011cc        0x8 /home/jins/bl_iot_sdk/customer_app/tt_app_temperature/build_out/bl602_std/libbl602_std.a(platform_device.o)
                0x00000000230011cc                bflb_platform_usart_dbg_send
 .text.bflb_platform_printf
                0x00000000230011d4       0x42 /home/jins/bl_iot_sdk/customer_app/tt_app_temperature/build_out/bl602_std/libbl602_std.a(platform_device.o)
                0x00000000230011d4                bflb_platform_printf
 .text.Default_Handler_Stub
                0x0000000023001216       0x9a /home/jins/bl_iot_sdk/customer_app/tt_app_temperature/build_out/bl602_std/libbl602_std.a(interrupt.o)
                0x0000000023001216                HBN_OUT0_IRQHandler
                0x0000000023001216                L1C_BMX_TO_IRQHandler
                0x0000000023001216                IRTX_IRQHandler
                0x0000000023001216                TIMER_CH0_IRQHandler
                0x0000000023001216                SDIO_IRQHandler
                0x0000000023001216                WIFI_IPC_PUBLIC_IRQHandler
                0x0000000023001216                DMA_BMX_ERR_IRQHandler
                0x0000000023001216                MAC_RX_TRG_IRQHandler
                0x0000000023001216                EFUSE_IRQHandler
                0x0000000023001216                TIMER_WDT_IRQHandler
                0x0000000023001216                MAC_TXRX_TIMER_IRQHandler
                0x0000000023001216                MAC_GEN_IRQHandler
                0x0000000023001216                clic_csoft_handler
                0x0000000023001216                BOR_IRQHandler
                0x0000000023001216                MAC_PORT_TRG_IRQHandler
                0x0000000023001216                SPI_IRQHandler
                0x0000000023001216                HBN_OUT1_IRQHandler
                0x0000000023001216                SEC_BMX_ERR_IRQHandler
                0x0000000023001216                SF_CTRL_IRQHandler
                0x0000000023001216                RF_TOP_INT0_IRQHandler
                0x0000000023001216                MAC_TXRX_MISC_IRQHandler
                0x0000000023001216                BZ_PHY_IRQHandler
                0x0000000023001216                DMA_ALL_IRQHandler
                0x0000000023001216                SEC_GMAC_IRQHandler
                0x0000000023001216                BMX_ERR_IRQHandler
                0x0000000023001216                SEC_PKA_IRQHandler
                0x0000000023001216                TIMER_CH1_IRQHandler
                0x0000000023001216                clic_msip_handler
                0x0000000023001216                I2C_IRQHandler
                0x0000000023001216                SEC_TRNG_IRQHandler
                0x0000000023001216                GPIO_INT0_IRQHandler
                0x0000000023001216                IRRX_IRQHandler
                0x0000000023001216                L1C_BMX_ERR_IRQHandler
                0x0000000023001216                BMX_TO_IRQHandler
                0x0000000023001216                SEC_CDET_IRQHandler
                0x0000000023001216                WIFI_IRQHandler
                0x0000000023001216                clic_mtimer_handler
                0x0000000023001216                PDS_WAKEUP_IRQHandler
                0x0000000023001216                GPADC_DMA_IRQHandler
                0x0000000023001216                BLE_IRQHandler
                0x0000000023001216                PWM_IRQHandler
                0x0000000023001216                MAC_TX_TRG_IRQHandler
                0x0000000023001216                clic_mext_handler
                0x0000000023001216                RF_TOP_INT1_IRQHandler
                0x0000000023001216                SEC_AES_IRQHandler
                0x0000000023001216                SEC_SHA_IRQHandler
                0x0000000023001216                Default_Handler_Stub
 .text.UART_Init
                0x00000000230012b0       0xf4 /home/jins/bl_iot_sdk/customer_app/tt_app_temperature/build_out/bl602_std/libbl602_std.a(bl602_uart.o)
                0x00000000230012b0                UART_Init
 .text.UART_FifoConfig
                0x00000000230013a4       0x6a /home/jins/bl_iot_sdk/customer_app/tt_app_temperature/build_out/bl602_std/libbl602_std.a(bl602_uart.o)
                0x00000000230013a4                UART_FifoConfig
 .text.UART_Enable
                0x000000002300140e       0x34 /home/jins/bl_iot_sdk/customer_app/tt_app_temperature/build_out/bl602_std/libbl602_std.a(bl602_uart.o)
                0x000000002300140e                UART_Enable
 .text.UART_Disable
                0x0000000023001442       0x30 /home/jins/bl_iot_sdk/customer_app/tt_app_temperature/build_out/bl602_std/libbl602_std.a(bl602_uart.o)
                0x0000000023001442                UART_Disable
 .text.UART_TxFreeRun
                0x0000000023001472       0x24 /home/jins/bl_iot_sdk/customer_app/tt_app_temperature/build_out/bl602_std/libbl602_std.a(bl602_uart.o)
                0x0000000023001472                UART_TxFreeRun
 .text.UART_IntMask
                0x0000000023001496       0x3e /home/jins/bl_iot_sdk/customer_app/tt_app_temperature/build_out/bl602_std/libbl602_std.a(bl602_uart.o)
                0x0000000023001496                UART_IntMask
 .text.UART_GetTxFifoCount
                0x00000000230014d4       0x18 /home/jins/bl_iot_sdk/customer_app/tt_app_temperature/build_out/bl602_std/libbl602_std.a(bl602_uart.o)
                0x00000000230014d4                UART_GetTxFifoCount
 .text.UART_SendData
                0x00000000230014ec       0x70 /home/jins/bl_iot_sdk/customer_app/tt_app_temperature/build_out/bl602_std/libbl602_std.a(bl602_uart.o)
                0x00000000230014ec                UART_SendData
 .text.GLB_Set_UART_CLK
                0x000000002300155c       0x3e /home/jins/bl_iot_sdk/customer_app/tt_app_temperature/build_out/bl602_std/libbl602_std.a(bl602_glb.o)
                0x000000002300155c                GLB_Set_UART_CLK
 .text.GLB_UART_Fun_Sel
                0x000000002300159a       0x24 /home/jins/bl_iot_sdk/customer_app/tt_app_temperature/build_out/bl602_std/libbl602_std.a(bl602_glb.o)
                0x000000002300159a                GLB_UART_Fun_Sel
 .text.GLB_GPIO_Write
                0x00000000230015be       0x2a /home/jins/bl_iot_sdk/customer_app/tt_app_temperature/build_out/bl602_std/libbl602_std.a(bl602_glb.o)
                0x00000000230015be                GLB_GPIO_Write
 .text.GLB_GPIO_Read
                0x00000000230015e8       0x20 /home/jins/bl_iot_sdk/customer_app/tt_app_temperature/build_out/bl602_std/libbl602_std.a(bl602_glb.o)
                0x00000000230015e8                GLB_GPIO_Read
 .text.HBN_Set_UART_CLK_Sel
                0x0000000023001608       0x12 /home/jins/bl_iot_sdk/customer_app/tt_app_temperature/build_out/bl602_std/libbl602_std.a(bl602_hbn.o)
                0x0000000023001608                HBN_Set_UART_CLK_Sel
 .text.uart_generic_notify_handler
                0x000000002300161a       0xe2 /home/jins/bl_iot_sdk/customer_app/tt_app_temperature/build_out/hal_drv/libhal_drv.a(bl_uart.o)
 .text.UART0_IRQHandler
                0x00000000230016fc        0x4 /home/jins/bl_iot_sdk/customer_app/tt_app_temperature/build_out/hal_drv/libhal_drv.a(bl_uart.o)
                0x00000000230016fc                UART0_IRQHandler
 .text.UART1_IRQHandler
                0x0000000023001700        0x4 /home/jins/bl_iot_sdk/customer_app/tt_app_temperature/build_out/hal_drv/libhal_drv.a(bl_uart.o)
                0x0000000023001700                UART1_IRQHandler
 .text.bl_uart_init
                0x0000000023001704       0xd6 /home/jins/bl_iot_sdk/customer_app/tt_app_temperature/build_out/hal_drv/libhal_drv.a(bl_uart.o)
                0x0000000023001704                bl_uart_init
 .text.bl_uart_data_send
                0x00000000230017da       0x34 /home/jins/bl_iot_sdk/customer_app/tt_app_temperature/build_out/hal_drv/libhal_drv.a(bl_uart.o)
                0x00000000230017da                bl_uart_data_send
 .text.bl_gpio_enable_output
                0x000000002300180e       0x44 /home/jins/bl_iot_sdk/customer_app/tt_app_temperature/build_out/hal_drv/libhal_drv.a(bl_gpio.o)
                0x000000002300180e                bl_gpio_enable_output
 .text.bl_gpio_enable_input
                0x0000000023001852       0x42 /home/jins/bl_iot_sdk/customer_app/tt_app_temperature/build_out/hal_drv/libhal_drv.a(bl_gpio.o)
                0x0000000023001852                bl_gpio_enable_input
 .text.bl_gpio_output_set
                0x0000000023001894       0x12 /home/jins/bl_iot_sdk/customer_app/tt_app_temperature/build_out/hal_drv/libhal_drv.a(bl_gpio.o)
                0x0000000023001894                bl_gpio_output_set
 .text.bl_gpio_input_get_value
                0x00000000230018a6        0x2 /home/jins/bl_iot_sdk/customer_app/tt_app_temperature/build_out/hal_drv/libhal_drv.a(bl_gpio.o)
                0x00000000230018a6                bl_gpio_input_get_value
 .text          0x00000000230018a8       0xf4 /home/jins/bl_iot_sdk/toolchain/riscv/Linux/bin/../lib/gcc/riscv64-unknown-elf/8.3.0/../../../../riscv64-unknown-elf/lib/rv32imf/ilp32f/libm.a(lib_a-s_modf.o)
                0x00000000230018a8                modf
 .text          0x000000002300199c       0x4c /home/jins/bl_iot_sdk/toolchain/riscv/Linux/bin/../lib/gcc/riscv64-unknown-elf/8.3.0/rv32imf/ilp32f/libgcc.a(_clzsi2.o)
                0x000000002300199c                __clzsi2
 .text          0x00000000230019e8      0x434 /home/jins/bl_iot_sdk/toolchain/riscv/Linux/bin/../lib/gcc/riscv64-unknown-elf/8.3.0/rv32imf/ilp32f/libgcc.a(_udivdi3.o)
                0x00000000230019e8                __udivdi3
 .text          0x0000000023001e1c      0x410 /home/jins/bl_iot_sdk/toolchain/riscv/Linux/bin/../lib/gcc/riscv64-unknown-elf/8.3.0/rv32imf/ilp32f/libgcc.a(_umoddi3.o)
                0x0000000023001e1c                __umoddi3
 .text          0x000000002300222c      0xb50 /home/jins/bl_iot_sdk/toolchain/riscv/Linux/bin/../lib/gcc/riscv64-unknown-elf/8.3.0/rv32imf/ilp32f/libgcc.a(adddf3.o)
                0x000000002300222c                __adddf3
 .text          0x0000000023002d7c      0x8ac /home/jins/bl_iot_sdk/toolchain/riscv/Linux/bin/../lib/gcc/riscv64-unknown-elf/8.3.0/rv32imf/ilp32f/libgcc.a(divdf3.o)
                0x0000000023002d7c                __divdf3
 .text          0x0000000023003628       0xc8 /home/jins/bl_iot_sdk/toolchain/riscv/Linux/bin/../lib/gcc/riscv64-unknown-elf/8.3.0/rv32imf/ilp32f/libgcc.a(eqdf2.o)
                0x0000000023003628                __eqdf2
                0x0000000023003628                __nedf2
 .text          0x00000000230036f0       0xec /home/jins/bl_iot_sdk/toolchain/riscv/Linux/bin/../lib/gcc/riscv64-unknown-elf/8.3.0/rv32imf/ilp32f/libgcc.a(gedf2.o)
                0x00000000230036f0                __gtdf2
                0x00000000230036f0                __gedf2
 .text          0x00000000230037dc       0xec /home/jins/bl_iot_sdk/toolchain/riscv/Linux/bin/../lib/gcc/riscv64-unknown-elf/8.3.0/rv32imf/ilp32f/libgcc.a(ledf2.o)
                0x00000000230037dc                __ltdf2
                0x00000000230037dc                __ledf2
 .text          0x00000000230038c8      0x79c /home/jins/bl_iot_sdk/toolchain/riscv/Linux/bin/../lib/gcc/riscv64-unknown-elf/8.3.0/rv32imf/ilp32f/libgcc.a(muldf3.o)
                0x00000000230038c8                __muldf3
 .text          0x0000000023004064      0xb38 /home/jins/bl_iot_sdk/toolchain/riscv/Linux/bin/../lib/gcc/riscv64-unknown-elf/8.3.0/rv32imf/ilp32f/libgcc.a(subdf3.o)
                0x0000000023004064                __subdf3
 .text          0x0000000023004b9c       0xfc /home/jins/bl_iot_sdk/toolchain/riscv/Linux/bin/../lib/gcc/riscv64-unknown-elf/8.3.0/rv32imf/ilp32f/libgcc.a(fixdfsi.o)
                0x0000000023004b9c                __fixdfsi
 .text          0x0000000023004c98      0x11c /home/jins/bl_iot_sdk/toolchain/riscv/Linux/bin/../lib/gcc/riscv64-unknown-elf/8.3.0/../../../../riscv64-unknown-elf/lib/rv32imf/ilp32f/libc.a(lib_a-memcpy.o)
                0x0000000023004c98                memcpy
 .text          0x0000000023004db4       0x8c /home/jins/bl_iot_sdk/toolchain/riscv/Linux/bin/../lib/gcc/riscv64-unknown-elf/8.3.0/../../../../riscv64-unknown-elf/lib/rv32imf/ilp32f/libc.a(lib_a-strlen.o)
                0x0000000023004db4                strlen
 .text          0x0000000023004e40       0x44 /home/jins/bl_iot_sdk/toolchain/riscv/Linux/bin/../lib/gcc/riscv64-unknown-elf/8.3.0/../../../../riscv64-unknown-elf/lib/rv32imf/ilp32f/libc.a(lib_a-strnlen.o)
                0x0000000023004e40                strnlen
 *(.gnu.linkonce.t.*)

.rodata         0x0000000023004e88      0x414
 *(.rdata)
 *(.rodata .rodata.*)
 .rodata.read_dht22_data.str1.4
                0x0000000023004e88       0x17 /home/jins/bl_iot_sdk/customer_app/tt_app_temperature/build_out/tt_app_temperature/libtt_app_temperature.a(main.o)
 *fill*         0x0000000023004e9f        0x1 
 .rodata.vsnprintf
                0x0000000023004ea0      0x1f4 /home/jins/bl_iot_sdk/customer_app/tt_app_temperature/build_out/bl602/libbl602.a(debug.o)
 *fill*         0x0000000023005094        0x4 
 .rodata.cvt.cst8
                0x0000000023005098       0x18 /home/jins/bl_iot_sdk/customer_app/tt_app_temperature/build_out/bl602/libbl602.a(debug.o)
 .rodata.lcdigits.2256
                0x00000000230050b0       0x11 /home/jins/bl_iot_sdk/customer_app/tt_app_temperature/build_out/bl602/libbl602.a(debug.o)
 *fill*         0x00000000230050c1        0x3 
 .rodata.ucdigits.2257
                0x00000000230050c4       0x11 /home/jins/bl_iot_sdk/customer_app/tt_app_temperature/build_out/bl602/libbl602.a(debug.o)
 *fill*         0x00000000230050d5        0x3 
 .rodata.vsnprintf.str1.4
                0x00000000230050d8        0x7 /home/jins/bl_iot_sdk/customer_app/tt_app_temperature/build_out/bl602/libbl602.a(debug.o)
 *fill*         0x00000000230050df        0x1 
 .rodata.Default_Handler.str1.4
                0x00000000230050e0       0x14 /home/jins/bl_iot_sdk/customer_app/tt_app_temperature/build_out/bl602_std/libbl602_std.a(bl602_common.o)
                                         0x12 (size before relaxing)
 .rodata        0x00000000230050f4       0x20 /home/jins/bl_iot_sdk/customer_app/tt_app_temperature/build_out/hal_drv/libhal_drv.a(bl_uart.o)
 .rodata        0x0000000023005114       0x3c /home/jins/bl_iot_sdk/toolchain/riscv/Linux/bin/../lib/gcc/riscv64-unknown-elf/8.3.0/rv32imf/ilp32f/libgcc.a(divdf3.o)
 .rodata        0x0000000023005150       0x3c /home/jins/bl_iot_sdk/toolchain/riscv/Linux/bin/../lib/gcc/riscv64-unknown-elf/8.3.0/rv32imf/ilp32f/libgcc.a(muldf3.o)
 .rodata        0x000000002300518c      0x100 /home/jins/bl_iot_sdk/toolchain/riscv/Linux/bin/../lib/gcc/riscv64-unknown-elf/8.3.0/rv32imf/ilp32f/libgcc.a(_clz.o)
                0x000000002300518c                __clz_tab
 *(.sdata2.*)
 .sdata2.uartAddr
                0x000000002300528c        0x8 /home/jins/bl_iot_sdk/customer_app/tt_app_temperature/build_out/bl602_std/libbl602_std.a(bl602_uart.o)
 .sdata2.uartAddr
                0x0000000023005294        0x8 /home/jins/bl_iot_sdk/customer_app/tt_app_temperature/build_out/hal_drv/libhal_drv.a(bl_uart.o)
                0x000000002300529c                . = ALIGN (0x4)
                0x000000002300529c                _bl_static_cli_cmds_start = .
 *(.static_cli_cmds)
 *(.static_cli_cmds)
                0x000000002300529c                _bl_static_cli_cmds_end = .
                0x000000002300529c                . = ALIGN (0x4)
                0x000000002300529c                _bl_static_fw_cfg_entry_start = .
 *(.wifi.cfg.entry)
                0x000000002300529c                _bl_static_fw_cfg_entry_end = .
                0x000000002300529c                . = ALIGN (0x4)
                0x000000002300529c                _bl_static_blogcomponent_code_start = .
 SORT_BY_NAME(*)(.static_blogcomponent_code*)
 *(.static_blogcomponent_code*)
                0x000000002300529c                _bl_static_blogcomponent_code_end = .
                0x000000002300529c                . = ALIGN (0x4)
                0x000000002300529c                _bl_static_blogfile_code_start = .
 SORT_BY_NAME(*)(.static_blogfile_code*)
 *(.static_blogfile_code*)
                0x000000002300529c                _bl_static_blogfile_code_end = .
                0x000000002300529c                . = ALIGN (0x4)
                0x000000002300529c                _bl_static_blogpri_code_start = .
 SORT_BY_NAME(*)(.static_blogpri_code*)
 *(.static_blogpri_code*)
                0x000000002300529c                _bl_static_blogpri_code_end = .
 *(.gnu.linkonce.r.*)
                0x000000002300529c                . = ALIGN (0x4)
                0x000000002300529c                _rom_framework_audio_device_start = .
 *(.framework.audio_device)
                0x000000002300529c                _rom_framework_audio_device_end = .

.rela.dyn       0x000000002300529c        0x0
 .rela.init     0x000000002300529c        0x0 /home/jins/bl_iot_sdk/customer_app/tt_app_temperature/build_out/bl602/libbl602.a(start.o)
 .rela.text.hal_boot2_get_flash_addr
                0x000000002300529c        0x0 /home/jins/bl_iot_sdk/customer_app/tt_app_temperature/build_out/bl602/libbl602.a(start.o)

.preinit_array  0x000000002300529c        0x0
                0x000000002300529c                . = ALIGN (0x4)
                0x000000002300529c                __preinit_array_start = .
 *(.preinit_array)
                0x000000002300529c                __preinit_array_end = .

.init_array     0x000000002300529c        0x0
                0x000000002300529c                . = ALIGN (0x4)
                0x000000002300529c                __init_array_start = .
 *(SORT_BY_INIT_PRIORITY(.init_array.*))
 *(.init_array)
                0x000000002300529c                __init_array_end = .

.wifibss        0x0000000042042000        0x0
                0x0000000042042000                PROVIDE (__wifi_bss_start = ADDR (.wifibss))
                0x0000000042042000                PROVIDE (__wifi_bss_end = (ADDR (.wifibss) + SIZEOF (.wifibss)))
 *ipc_shared.o(COMMON)
 *sdu_shared.o(COMMON)
 *hal_desc.o(COMMON)
 *txl_buffer_shared.o(COMMON)
 *txl_frame_shared.o(COMMON)
 *scan_shared.o(COMMON)
 *scanu_shared.o(COMMON)
 *mfp_bip.o(COMMON)
 *me_mic.o(COMMON)
 *bl_sta_mgmt_others.o(COMMON)
 *bl_pmk_mgmt.o(COMMON)
 *bl_pmk_mgmt_internal.o(COMMON)
 *libwifi_drv.a:bl_utils.o(COMMON)
 *libwifi_drv.a:bl_utils.o(.bss*)
 *(.wifi_ram*)
                0x0000000042042000                . = ALIGN (0x10)
                [!provide]                        PROVIDE (_heap_wifi_start = .)
                [!provide]                        PROVIDE (_heap_wifi_size = ((ORIGIN (ram_wifi) + LENGTH (ram_wifi)) - _heap_wifi_start))

.romdata        0x000000004200c000      0x498 load address 0x000000002300529c
                [!provide]                        PROVIDE (__global_pointer_head$ = .)
                0x000000004200c7f0                PROVIDE (__global_pointer$ = (. + 0x7f0))
                0x000000004200c498                . = (. + 0x498)
 *fill*         0x000000004200c000      0x498 

.data           0x000000004200c498      0x560 load address 0x000000002300529c
                0x000000002300529c                PROVIDE (_data_load = LOADADDR (.data))
                0x000000004200c498                PROVIDE (_data_run = ADDR (.data))
                0x000000004200c9f8                PROVIDE (_data_run_end = (ADDR (.data) + SIZEOF (.data)))
 *(.tcm_code)
 .tcm_code      0x000000004200c498      0x550 /home/jins/bl_iot_sdk/customer_app/tt_app_temperature/build_out/bl602_std/libbl602_std.a(bl602_romapi.o)
                0x000000004200c498                AON_Power_On_BG
                0x000000004200c4a2                AON_Power_Off_BG
                0x000000004200c4ac                AON_Power_On_LDO11_SOC
                0x000000004200c4b6                AON_Power_Off_LDO11_SOC
                0x000000004200c4c0                AON_Power_On_LDO15_RF
                0x000000004200c4ca                AON_Power_Off_LDO15_RF
                0x000000004200c4d4                AON_Power_On_SFReg
                0x000000004200c4de                AON_Power_Off_SFReg
                0x000000004200c4e8                AON_LowPower_Enter_PDS0
                0x000000004200c4f2                AON_LowPower_Exit_PDS0
                0x000000004200c4fc                ASM_Delay_Us
                0x000000004200c506                BL602_Delay_US
                0x000000004200c510                BL602_Delay_MS
                0x000000004200c51a                BL602_MemCpy
                0x000000004200c524                BL602_MemCpy4
                0x000000004200c52e                BL602_MemCpy_Fast
                0x000000004200c538                BL602_MemSet
                0x000000004200c542                BL602_MemSet4
                0x000000004200c54c                BL602_MemCmp
                0x000000004200c556                EF_Ctrl_Sw_AHB_Clk_0
                0x000000004200c560                EF_Ctrl_Program_Efuse_0
                0x000000004200c56a                EF_Ctrl_Load_Efuse_R0
                0x000000004200c574                EF_Ctrl_Busy
                0x000000004200c57e                EF_Ctrl_AutoLoad_Done
                0x000000004200c588                EF_Ctrl_Clear
                0x000000004200c592                GLB_SW_System_Reset
                0x000000004200c59c                GLB_SW_CPU_Reset
                0x000000004200c5a6                GLB_SW_POR_Reset
                0x000000004200c5b0                GLB_Select_Internal_Flash
                0x000000004200c5ba                GLB_Select_External_Flash
                0x000000004200c5c4                GLB_Deswap_Flash_Pin
                0x000000004200c5ce                GLB_Swap_Flash_Pin
                0x000000004200c5d8                GLB_GPIO_Init
                0x000000004200c5e2                GLB_GPIO_OUTPUT_Enable
                0x000000004200c5ec                GLB_GPIO_OUTPUT_Disable
                0x000000004200c5f6                GLB_GPIO_Set_HZ
                0x000000004200c600                GLB_GPIO_Get_Fun
                0x000000004200c60a                HBN_Mode_Enter
                0x000000004200c614                HBN_Power_Down_Flash
                0x000000004200c61e                HBN_Enable
                0x000000004200c628                HBN_Reset
                0x000000004200c632                HBN_Set_Ldo11_Aon_Vout
                0x000000004200c63c                HBN_Set_Ldo11_Rt_Vout
                0x000000004200c646                HBN_Set_Ldo11_Soc_Vout
                0x000000004200c650                HBN_Hw_Pu_Pd_Cfg
                0x000000004200c65a                HBN_Pin_WakeUp_Mask
                0x000000004200c664                HBN_GPIO7_Dbg_Pull_Cfg
                0x000000004200c66e                HBN_Set_Embedded_Flash_Pullup
                0x000000004200c678                L1C_Set_Wrap
                0x000000004200c682                L1C_Set_Way_Disable
                0x000000004200c68c                L1C_IROM_2T_Access_Set
                0x000000004200c696                PDS_Reset
                0x000000004200c6a0                PDS_Force_Config
                0x000000004200c6aa                PDS_RAM_Config
                0x000000004200c6b4                PDS_Default_Level_Config
                0x000000004200c6be                SEC_Eng_Turn_On_Sec_Ring
                0x000000004200c6c8                SEC_Eng_Turn_Off_Sec_Ring
                0x000000004200c6d2                SFlash_Init
                0x000000004200c6dc                SFlash_SetSPIMode
                0x000000004200c6e6                SFlash_Read_Reg
                0x000000004200c6f0                SFlash_Write_Reg
                0x000000004200c6fa                SFlash_Busy
                0x000000004200c704                SFlash_Write_Enable
                0x000000004200c70e                SFlash_Qspi_Enable
                0x000000004200c718                SFlash_Volatile_Reg_Write_Enable
                0x000000004200c722                SFlash_Chip_Erase
                0x000000004200c72c                SFlash_Sector_Erase
                0x000000004200c736                SFlash_Blk32_Erase
                0x000000004200c740                SFlash_Blk64_Erase
                0x000000004200c74a                SFlash_Erase
                0x000000004200c754                SFlash_Program
                0x000000004200c75e                SFlash_GetUniqueId
                0x000000004200c768                SFlash_GetJedecId
                0x000000004200c772                SFlash_GetDeviceId
                0x000000004200c77c                SFlash_Powerdown
                0x000000004200c786                SFlash_Releae_Powerdown
                0x000000004200c790                SFlash_SetBurstWrap
                0x000000004200c79a                SFlash_DisableBurstWrap
                0x000000004200c7a4                SFlash_Software_Reset
                0x000000004200c7ae                SFlash_Reset_Continue_Read
                0x000000004200c7b8                SFlash_Set_IDbus_Cfg
                0x000000004200c7c2                SFlash_IDbus_Read_Enable
                0x000000004200c7cc                SFlash_Cache_Enable_Set
                0x000000004200c7d6                SFlash_Cache_Flush
                0x000000004200c7e0                SFlash_Cache_Read_Enable
                0x000000004200c7ea                SFlash_Cache_Hit_Count_Get
                0x000000004200c7f4                SFlash_Cache_Miss_Count_Get
                0x000000004200c7fe                SFlash_Cache_Read_Disable
                0x000000004200c808                SFlash_Read
                0x000000004200c812                SFlash_Read_Reg_With_Cmd
                0x000000004200c81c                SFlash_Write_Reg_With_Cmd
                0x000000004200c826                SF_Cfg_Init_Ext_Flash_Gpio
                0x000000004200c830                SF_Cfg_Init_Internal_Flash_Gpio
                0x000000004200c83a                SF_Cfg_Deinit_Ext_Flash_Gpio
                0x000000004200c844                SF_Cfg_Restore_GPIO17_Fun
                0x000000004200c84e                SF_Cfg_Get_Flash_Cfg_Need_Lock
                0x000000004200c858                SF_Cfg_Init_Flash_Gpio
                0x000000004200c862                SF_Cfg_Flash_Identify
                0x000000004200c86c                SF_Ctrl_Enable
                0x000000004200c876                SF_Ctrl_Select_Pad
                0x000000004200c880                SF_Ctrl_Set_Owner
                0x000000004200c88a                SF_Ctrl_Disable
                0x000000004200c894                SF_Ctrl_AES_Enable_BE
                0x000000004200c89e                SF_Ctrl_AES_Enable_LE
                0x000000004200c8a8                SF_Ctrl_AES_Set_Region
                0x000000004200c8b2                SF_Ctrl_AES_Set_Key
                0x000000004200c8bc                SF_Ctrl_AES_Set_Key_BE
                0x000000004200c8c6                SF_Ctrl_AES_Set_IV
                0x000000004200c8d0                SF_Ctrl_AES_Set_IV_BE
                0x000000004200c8da                SF_Ctrl_AES_Enable
                0x000000004200c8e4                SF_Ctrl_AES_Disable
                0x000000004200c8ee                SF_Ctrl_Set_Flash_Image_Offset
                0x000000004200c8f8                SF_Ctrl_Get_Flash_Image_Offset
                0x000000004200c902                SF_Ctrl_Select_Clock
                0x000000004200c90c                SF_Ctrl_SendCmd
                0x000000004200c916                SF_Ctrl_Icache_Set
                0x000000004200c920                SF_Ctrl_Icache2_Set
                0x000000004200c92a                SF_Ctrl_GetBusyState
                0x000000004200c934                SF_Ctrl_Is_AES_Enable
                0x000000004200c93e                SF_Ctrl_Get_Clock_Delay
                0x000000004200c948                SF_Ctrl_Set_Clock_Delay
                0x000000004200c952                XIP_SFlash_State_Save
                0x000000004200c95c                XIP_SFlash_State_Restore
                0x000000004200c966                XIP_SFlash_Erase_Need_Lock
                0x000000004200c970                XIP_SFlash_Write_Need_Lock
                0x000000004200c97a                XIP_SFlash_Read_Need_Lock
                0x000000004200c984                XIP_SFlash_GetJedecId_Need_Lock
                0x000000004200c98e                XIP_SFlash_GetDeviceId_Need_Lock
                0x000000004200c998                XIP_SFlash_GetUniqueId_Need_Lock
                0x000000004200c9a2                XIP_SFlash_Read_Via_Cache_Need_Lock
                0x000000004200c9ac                XIP_SFlash_Read_With_Lock
                0x000000004200c9b6                XIP_SFlash_Write_With_Lock
                0x000000004200c9c0                XIP_SFlash_Erase_With_Lock
                0x000000004200c9ca                XIP_SFlash_Opt_Enter
                0x000000004200c9d4                XIP_SFlash_Opt_Exit
                0x000000004200c9de                BFLB_Soft_CRC32
 *(.tcm_const)
 *(.sclock_rlt_code)
 *(.sclock_rlt_const)
 *(.data .data.*)
 *(.gnu.linkonce.d.*)
 *(.sdata .sdata.*)
 .sdata.sys_log_all_enable
                0x000000004200c9e8        0x1 /home/jins/bl_iot_sdk/customer_app/tt_app_temperature/build_out/hal_drv/libhal_drv.a(bl_sys.o)
                0x000000004200c9e8                sys_log_all_enable
 *(.gnu.linkonce.s.*)
                0x000000004200c9f0                . = ALIGN (0x8)
 *fill*         0x000000004200c9e9        0x7 
 *(.srodata.cst16)
 *(.srodata.cst8)
 *(.srodata.cst4)
 *(.srodata.cst2)
 *(.srodata .srodata.*)
 .srodata       0x000000004200c9f0        0x4 /home/jins/bl_iot_sdk/customer_app/tt_app_temperature/build_out/hal_drv/libhal_drv.a(bl_uart.o)
                0x000000004200c9f8                . = ALIGN (0x8)
 *fill*         0x000000004200c9f4        0x4 
 *(._k_queue.static.*)
 *(._k_sem.static.*)
 *(._k_mutex.static.*)
                0x000000004200c9f8                _net_buf_pool_list = .
 *(SORT_BY_NAME(._net_buf_pool.static.*))
                0x000000004200c9f8                _bt_gatt_service_static_list_start = .
 *(SORT_BY_NAME(._bt_gatt_service_static.static.*))
                0x000000004200c9f8                _bt_gatt_service_static_list_end = .
                0x000000004200c9f8                _bt_l2cap_fixed_chan_list_start = .
 *(SORT_BY_NAME(._bt_l2cap_fixed_chan.static.*))
                0x000000004200c9f8                _bt_l2cap_fixed_chan_list_end = .

.boot2          0x000000004200c9f8      0x258 load address 0x00000000230057fc
                0x000000004200c9f8                PROVIDE (__boot2_pt_addr_start = .)
 *(.bss.boot2_partition_table)
 .bss.boot2_partition_table
                0x000000004200c9f8      0x258 /home/jins/bl_iot_sdk/customer_app/tt_app_temperature/build_out/hal_drv/libhal_drv.a(hal_boot2.o)
                0x000000004200cc50                PROVIDE (__boot2_pt_addr_end = .)
                0x000000004200cc50                PROVIDE (__boot2_flashCfg_start = .)
 *(.bss.boot2_flashCfg)
                0x000000004200cc50                PROVIDE (__boot2_flashCfg_end = .)

.bss            0x000000004200cc50      0x2a4 load address 0x00000000230057fc
                0x000000004200cc50                PROVIDE (__bss_start = ADDR (.bss))
                0x000000004200cef4                PROVIDE (__bss_end = (ADDR (.bss) + SIZEOF (.bss)))
 *(.sbss*)
 .sbss.uart_dbg_disable
                0x000000004200cc50        0x1 /home/jins/bl_iot_sdk/customer_app/tt_app_temperature/build_out/bl602_std/libbl602_std.a(platform_device.o)
 .sbss.uart_clk_init.7788
                0x000000004200cc51        0x1 /home/jins/bl_iot_sdk/customer_app/tt_app_temperature/build_out/hal_drv/libhal_drv.a(bl_uart.o)
 *(.gnu.linkonce.sb.*)
 *(.bss .bss.*)
 *fill*         0x000000004200cc52        0x2 
 .bss.string    0x000000004200cc54      0x200 /home/jins/bl_iot_sdk/customer_app/tt_app_temperature/build_out/bl602/libbl602.a(debug.o)
 .bss.print_buf.9485
                0x000000004200ce54       0x80 /home/jins/bl_iot_sdk/customer_app/tt_app_temperature/build_out/bl602_std/libbl602_std.a(platform_device.o)
 .bss.g_uart_notify_arg
                0x000000004200ced4       0x20 /home/jins/bl_iot_sdk/customer_app/tt_app_temperature/build_out/hal_drv/libhal_drv.a(bl_uart.o)
 *(.gnu.linkonce.b.*)
 *(COMMON)
                [!provide]                        PROVIDE (_heap_start = .)
                [!provide]                        PROVIDE (_heap_size = (ADDR (.stack) - _heap_start))

.stack          0x0000000042041800      0x800
                0x0000000042042000                . = (. + __stack_size)
 *fill*         0x0000000042041800      0x800 
                0x0000000042042000                PROVIDE (_sp_main = .)
                0x0000000042042000                __freertos_irq_stack_top = .
                [!provide]                        PROVIDE (_ld_bl_static_cli_cmds_start = _bl_static_cli_cmds_start)
                [!provide]                        PROVIDE (_ld_bl_static_cli_cmds_end = _bl_static_cli_cmds_end)
                [!provide]                        PROVIDE (_ld_bl_static_cfg_entry_start = _bl_static_fw_cfg_entry_start)
                [!provide]                        PROVIDE (_ld_bl_static_cfg_entry_end = _bl_static_fw_cfg_entry_end)
                [!provide]                        PROVIDE (_ld_bl_static_blogcomponent_code_start = _bl_static_blogcomponent_code_start)
                [!provide]                        PROVIDE (_ld_bl_static_blogcomponent_code_end = _bl_static_blogcomponent_code_end)
                [!provide]                        PROVIDE (_ld_bl_static_blogfile_code_start = _bl_static_blogfile_code_start)
                [!provide]                        PROVIDE (_ld_bl_static_blogfile_code_end = _bl_static_blogfile_code_end)
                [!provide]                        PROVIDE (_ld_bl_static_blogpri_code_start = _bl_static_blogpri_code_start)
                [!provide]                        PROVIDE (_ld_bl_static_blogpri_code_end = _bl_static_blogpri_code_end)
                [!provide]                        PROVIDE (_ld_ram_size0 = LENGTH (flash))
                [!provide]                        PROVIDE (_ld_ram_addr0 = ORIGIN (flash))
                [!provide]                        PROVIDE (_ld_ram_size1 = LENGTH (ram_tcm))
                [!provide]                        PROVIDE (_ld_ram_addr1 = ORIGIN (ram_tcm))
                [!provide]                        PROVIDE (_ld_ram_size2 = LENGTH (ram_wifi))
                [!provide]                        PROVIDE (_ld_ram_addr2 = ORIGIN (ram_wifi))
                0x0000000042049c00                PROVIDE (__boot2_pt_addr_src = BOOT2_PT_ADDR)
                0x0000000042049c18                PROVIDE (__boot2_flashCfg_src = BOOT2_FLASHCFG_ADDR)
                [!provide]                        PROVIDE (xTaskGetTickCount = 0x21017694)
                [!provide]                        PROVIDE (xTaskGetTickCountFromISR = 0x210176aa)
                [!provide]                        PROVIDE (pvPortMalloc = 0x21019662)
                [!provide]                        PROVIDE (vPortFree = 0x2101973a)
                [!provide]                        PROVIDE (vTaskNotifyGiveFromISR = 0x210188e8)
                [!provide]                        PROVIDE (vTaskSwitchContext = 0x21017a04)
                [!provide]                        PROVIDE (ulTaskNotifyTake = 0x21018548)
                [!provide]                        PROVIDE (vTaskExitCritical = 0x210183f4)
                [!provide]                        PROVIDE (vTaskEnterCritical = 0x210183e4)
                [!provide]                        PROVIDE (xTaskGetCurrentTaskHandle = 0x21018152)
                [!provide]                        PROVIDE (xQueueSemaphoreTake = 0x21015ce8)
                [!provide]                        PROVIDE (xQueueGenericSend = 0x21015834)
                [!provide]                        PROVIDE (xQueueGenericSendFromISR = 0x21015a4c)
                [!provide]                        PROVIDE (xTaskCreateStatic = 0x210170a2)
                [!provide]                        PROVIDE (xTaskCreate = 0x2101713a)
                [!provide]                        PROVIDE (xQueueCreateMutex = 0x21015a1c)
                [!provide]                        PROVIDE (xQueueCreateMutexStatic = 0x21015994)
                [!provide]                        PROVIDE (vQueueDelete = 0x210161d8)
                [!provide]                        PROVIDE (xQueueGenericCreateStatic = 0x210156c2)
                [!provide]                        PROVIDE (xQueueGenericCreate = 0x21015744)
                [!provide]                        PROVIDE (xQueueReceive = 0x21015b8a)
                [!provide]                        PROVIDE (uxQueueMessagesWaiting = 0x21016168)
                [!provide]                        PROVIDE (vTaskDelay = 0x210179c6)
                [!provide]                        PROVIDE (vTaskDelayUntil = 0x21017952)
                [!provide]                        PROVIDE (xPortGetFreeHeapSize = 0x210197ce)
                [!provide]                        PROVIDE (vTaskList = 0x21018408)
                [!provide]                        PROVIDE (xTimerGenericCommand = 0x21018bec)
                [!provide]                        PROVIDE (xTimerCreateTimerTask = 0x21018a9e)
                [!provide]                        PROVIDE (xTimerCreate = 0x21018af6)
                [!provide]                        PROVIDE (xTimerCreateStatic = 0x21018b66)
                [!provide]                        PROVIDE (xQueueCreateCountingSemaphoreStatic = 0x210157c2)
                [!provide]                        PROVIDE (xQueueCreateCountingSemaphore = 0x21015800)
                [!provide]                        PROVIDE (pTrapNetCounter = __global_pointer_head$)
                [!provide]                        PROVIDE (TrapNetCounter = (__global_pointer_head$ + 0x58))
                [!provide]                        PROVIDE (vEventGroupDelete = 0x210153be)
                [!provide]                        PROVIDE (xEventGroupWaitBits = 0x21015086)
                [!provide]                        PROVIDE (xEventGroupCreateStatic = 0x21015000)
                [!provide]                        PROVIDE (xEventGroupSetBits = 0x210151e0)
                [!provide]                        PROVIDE (xStreamBufferGenericCreateStatic = 0x210165c0)
                [!provide]                        PROVIDE (xStreamBufferReceive = 0x210169ae)
                [!provide]                        PROVIDE (xStreamBufferSend = 0x210167a8)
                [!provide]                        PROVIDE (pvTimerGetTimerID = 0x21018fd4)
                [!provide]                        PROVIDE (xTaskGenericNotify = 0x210186be)
                [!provide]                        PROVIDE (xTaskGenericNotifyFromISR = 0x210187de)
                [!provide]                        PROVIDE (xQueueGiveMutexRecursive = 0x210159c8)
                [!provide]                        PROVIDE (xQueueTakeMutexRecursive = 0x21015e70)
                [!provide]                        PROVIDE (xTaskGetTickCount2 = 0x2101769a)
                [!provide]                        PROVIDE (xQueueGiveFromISR = 0x21015b0e)
                [!provide]                        PROVIDE (vTaskDelete = 0x210171b6)
                [!provide]                        PROVIDE (uxTaskGetStackHighWaterMark = 0x21018110)
                [!provide]                        PROVIDE (pcTaskGetName = 0x210176b6)
                [!provide]                        PROVIDE (vTaskStartScheduler = 0x21017610)
                [!provide]                        PROVIDE (vPortDefineHeapRegions = 0x210197da)
                0x0000000000000000                PROVIDE (__LD_CONFIG_EM_SEL = __EM_SIZE)
                [!provide]                        PROVIDE (_ld_symbol_rom_framework_audio_device_start = _rom_framework_audio_device_start)
                [!provide]                        PROVIDE (_ld_symbol_rom_framework_audio_device_end = _rom_framework_audio_device_end)
OUTPUT(/home/jins/bl_iot_sdk/customer_app/tt_app_temperature/build_out/tt_app_temperature.elf elf32-littleriscv)

.riscv.attributes
                0x0000000000000000       0x2b
 .riscv.attributes
                0x0000000000000000       0x29 /home/jins/bl_iot_sdk/customer_app/tt_app_temperature/build_out/bl602/libbl602.a(start.o)
 .riscv.attributes
                0x0000000000000029       0x2b /home/jins/bl_iot_sdk/customer_app/tt_app_temperature/build_out/hal_drv/libhal_drv.a(hal_boot2.o)
 .riscv.attributes
                0x0000000000000054       0x2b /home/jins/bl_iot_sdk/customer_app/tt_app_temperature/build_out/tt_app_temperature/libtt_app_temperature.a(main.o)
 .riscv.attributes
                0x000000000000007f       0x2b /home/jins/bl_iot_sdk/customer_app/tt_app_temperature/build_out/bl602/libbl602.a(debug.o)
 .riscv.attributes
                0x00000000000000aa       0x2b /home/jins/bl_iot_sdk/customer_app/tt_app_temperature/build_out/bl602_std/libbl602_std.a(bl602_common.o)
 .riscv.attributes
                0x00000000000000d5       0x2b /home/jins/bl_iot_sdk/customer_app/tt_app_temperature/build_out/bl602_std/libbl602_std.a(platform_device.o)
 .riscv.attributes
                0x0000000000000100       0x2b /home/jins/bl_iot_sdk/customer_app/tt_app_temperature/build_out/bl602_std/libbl602_std.a(interrupt.o)
 .riscv.attributes
                0x000000000000012b       0x2b /home/jins/bl_iot_sdk/customer_app/tt_app_temperature/build_out/bl602_std/libbl602_std.a(bl602_romapi.o)
 .riscv.attributes
                0x0000000000000156       0x2b /home/jins/bl_iot_sdk/customer_app/tt_app_temperature/build_out/bl602_std/libbl602_std.a(bl602_uart.o)
 .riscv.attributes
                0x0000000000000181       0x2b /home/jins/bl_iot_sdk/customer_app/tt_app_temperature/build_out/bl602_std/libbl602_std.a(bl602_glb.o)
 .riscv.attributes
                0x00000000000001ac       0x2b /home/jins/bl_iot_sdk/customer_app/tt_app_temperature/build_out/bl602_std/libbl602_std.a(bl602_hbn.o)
 .riscv.attributes
                0x00000000000001d7       0x2b /home/jins/bl_iot_sdk/customer_app/tt_app_temperature/build_out/hal_drv/libhal_drv.a(bl_uart.o)
 .riscv.attributes
                0x0000000000000202       0x2b /home/jins/bl_iot_sdk/customer_app/tt_app_temperature/build_out/hal_drv/libhal_drv.a(bl_sys.o)
 .riscv.attributes
                0x000000000000022d       0x2b /home/jins/bl_iot_sdk/customer_app/tt_app_temperature/build_out/hal_drv/libhal_drv.a(bl_gpio.o)
 .riscv.attributes
                0x0000000000000258       0x26 /home/jins/bl_iot_sdk/toolchain/riscv/Linux/bin/../lib/gcc/riscv64-unknown-elf/8.3.0/../../../../riscv64-unknown-elf/lib/rv32imf/ilp32f/libm.a(lib_a-s_modf.o)
 .riscv.attributes
                0x000000000000027e       0x26 /home/jins/bl_iot_sdk/toolchain/riscv/Linux/bin/../lib/gcc/riscv64-unknown-elf/8.3.0/rv32imf/ilp32f/libgcc.a(_clzsi2.o)
 .riscv.attributes
                0x00000000000002a4       0x26 /home/jins/bl_iot_sdk/toolchain/riscv/Linux/bin/../lib/gcc/riscv64-unknown-elf/8.3.0/rv32imf/ilp32f/libgcc.a(_udivdi3.o)
 .riscv.attributes
                0x00000000000002ca       0x26 /home/jins/bl_iot_sdk/toolchain/riscv/Linux/bin/../lib/gcc/riscv64-unknown-elf/8.3.0/rv32imf/ilp32f/libgcc.a(_umoddi3.o)
 .riscv.attributes
                0x00000000000002f0       0x26 /home/jins/bl_iot_sdk/toolchain/riscv/Linux/bin/../lib/gcc/riscv64-unknown-elf/8.3.0/rv32imf/ilp32f/libgcc.a(adddf3.o)
 .riscv.attributes
                0x0000000000000316       0x26 /home/jins/bl_iot_sdk/toolchain/riscv/Linux/bin/../lib/gcc/riscv64-unknown-elf/8.3.0/rv32imf/ilp32f/libgcc.a(divdf3.o)
 .riscv.attributes
                0x000000000000033c       0x26 /home/jins/bl_iot_sdk/toolchain/riscv/Linux/bin/../lib/gcc/riscv64-unknown-elf/8.3.0/rv32imf/ilp32f/libgcc.a(eqdf2.o)
 .riscv.attributes
                0x0000000000000362       0x26 /home/jins/bl_iot_sdk/toolchain/riscv/Linux/bin/../lib/gcc/riscv64-unknown-elf/8.3.0/rv32imf/ilp32f/libgcc.a(gedf2.o)
 .riscv.attributes
                0x0000000000000388       0x26 /home/jins/bl_iot_sdk/toolchain/riscv/Linux/bin/../lib/gcc/riscv64-unknown-elf/8.3.0/rv32imf/ilp32f/libgcc.a(ledf2.o)
 .riscv.attributes
                0x00000000000003ae       0x26 /home/jins/bl_iot_sdk/toolchain/riscv/Linux/bin/../lib/gcc/riscv64-unknown-elf/8.3.0/rv32imf/ilp32f/libgcc.a(muldf3.o)
 .riscv.attributes
                0x00000000000003d4       0x26 /home/jins/bl_iot_sdk/toolchain/riscv/Linux/bin/../lib/gcc/riscv64-unknown-elf/8.3.0/rv32imf/ilp32f/libgcc.a(subdf3.o)
 .riscv.attributes
                0x00000000000003fa       0x26 /home/jins/bl_iot_sdk/toolchain/riscv/Linux/bin/../lib/gcc/riscv64-unknown-elf/8.3.0/rv32imf/ilp32f/libgcc.a(fixdfsi.o)
 .riscv.attributes
                0x0000000000000420       0x26 /home/jins/bl_iot_sdk/toolchain/riscv/Linux/bin/../lib/gcc/riscv64-unknown-elf/8.3.0/rv32imf/ilp32f/libgcc.a(_clz.o)
 .riscv.attributes
                0x0000000000000446       0x26 /home/jins/bl_iot_sdk/toolchain/riscv/Linux/bin/../lib/gcc/riscv64-unknown-elf/8.3.0/../../../../riscv64-unknown-elf/lib/rv32imf/ilp32f/libc.a(lib_a-memcpy.o)
 .riscv.attributes
                0x000000000000046c       0x26 /home/jins/bl_iot_sdk/toolchain/riscv/Linux/bin/../lib/gcc/riscv64-unknown-elf/8.3.0/../../../../riscv64-unknown-elf/lib/rv32imf/ilp32f/libc.a(lib_a-strlen.o)
 .riscv.attributes
                0x0000000000000492       0x26 /home/jins/bl_iot_sdk/toolchain/riscv/Linux/bin/../lib/gcc/riscv64-unknown-elf/8.3.0/../../../../riscv64-unknown-elf/lib/rv32imf/ilp32f/libc.a(lib_a-strnlen.o)

.comment        0x0000000000000000       0x28
 .comment       0x0000000000000000       0x28 /home/jins/bl_iot_sdk/customer_app/tt_app_temperature/build_out/hal_drv/libhal_drv.a(hal_boot2.o)
                                         0x29 (size before relaxing)
 .comment       0x0000000000000028       0x29 /home/jins/bl_iot_sdk/customer_app/tt_app_temperature/build_out/tt_app_temperature/libtt_app_temperature.a(main.o)
 .comment       0x0000000000000028       0x29 /home/jins/bl_iot_sdk/customer_app/tt_app_temperature/build_out/bl602/libbl602.a(debug.o)
 .comment       0x0000000000000028       0x29 /home/jins/bl_iot_sdk/customer_app/tt_app_temperature/build_out/bl602_std/libbl602_std.a(bl602_common.o)
 .comment       0x0000000000000028       0x29 /home/jins/bl_iot_sdk/customer_app/tt_app_temperature/build_out/bl602_std/libbl602_std.a(platform_device.o)
 .comment       0x0000000000000028       0x29 /home/jins/bl_iot_sdk/customer_app/tt_app_temperature/build_out/bl602_std/libbl602_std.a(interrupt.o)
 .comment       0x0000000000000028       0x29 /home/jins/bl_iot_sdk/customer_app/tt_app_temperature/build_out/bl602_std/libbl602_std.a(bl602_romapi.o)
 .comment       0x0000000000000028       0x29 /home/jins/bl_iot_sdk/customer_app/tt_app_temperature/build_out/bl602_std/libbl602_std.a(bl602_uart.o)
 .comment       0x0000000000000028       0x29 /home/jins/bl_iot_sdk/customer_app/tt_app_temperature/build_out/bl602_std/libbl602_std.a(bl602_glb.o)
 .comment       0x0000000000000028       0x29 /home/jins/bl_iot_sdk/customer_app/tt_app_temperature/build_out/bl602_std/libbl602_std.a(bl602_hbn.o)
 .comment       0x0000000000000028       0x29 /home/jins/bl_iot_sdk/customer_app/tt_app_temperature/build_out/hal_drv/libhal_drv.a(bl_uart.o)
 .comment       0x0000000000000028       0x29 /home/jins/bl_iot_sdk/customer_app/tt_app_temperature/build_out/hal_drv/libhal_drv.a(bl_sys.o)
 .comment       0x0000000000000028       0x29 /home/jins/bl_iot_sdk/customer_app/tt_app_temperature/build_out/hal_drv/libhal_drv.a(bl_gpio.o)
 .comment       0x0000000000000028       0x29 /home/jins/bl_iot_sdk/toolchain/riscv/Linux/bin/../lib/gcc/riscv64-unknown-elf/8.3.0/../../../../riscv64-unknown-elf/lib/rv32imf/ilp32f/libm.a(lib_a-s_modf.o)
 .comment       0x0000000000000028       0x29 /home/jins/bl_iot_sdk/toolchain/riscv/Linux/bin/../lib/gcc/riscv64-unknown-elf/8.3.0/rv32imf/ilp32f/libgcc.a(_clzsi2.o)
 .comment       0x0000000000000028       0x29 /home/jins/bl_iot_sdk/toolchain/riscv/Linux/bin/../lib/gcc/riscv64-unknown-elf/8.3.0/rv32imf/ilp32f/libgcc.a(_udivdi3.o)
 .comment       0x0000000000000028       0x29 /home/jins/bl_iot_sdk/toolchain/riscv/Linux/bin/../lib/gcc/riscv64-unknown-elf/8.3.0/rv32imf/ilp32f/libgcc.a(_umoddi3.o)
 .comment       0x0000000000000028       0x29 /home/jins/bl_iot_sdk/toolchain/riscv/Linux/bin/../lib/gcc/riscv64-unknown-elf/8.3.0/rv32imf/ilp32f/libgcc.a(adddf3.o)
 .comment       0x0000000000000028       0x29 /home/jins/bl_iot_sdk/toolchain/riscv/Linux/bin/../lib/gcc/riscv64-unknown-elf/8.3.0/rv32imf/ilp32f/libgcc.a(divdf3.o)
 .comment       0x0000000000000028       0x29 /home/jins/bl_iot_sdk/toolchain/riscv/Linux/bin/../lib/gcc/riscv64-unknown-elf/8.3.0/rv32imf/ilp32f/libgcc.a(eqdf2.o)
 .comment       0x0000000000000028       0x29 /home/jins/bl_iot_sdk/toolchain/riscv/Linux/bin/../lib/gcc/riscv64-unknown-elf/8.3.0/rv32imf/ilp32f/libgcc.a(gedf2.o)
 .comment       0x0000000000000028       0x29 /home/jins/bl_iot_sdk/toolchain/riscv/Linux/bin/../lib/gcc/riscv64-unknown-elf/8.3.0/rv32imf/ilp32f/libgcc.a(ledf2.o)
 .comment       0x0000000000000028       0x29 /home/jins/bl_iot_sdk/toolchain/riscv/Linux/bin/../lib/gcc/riscv64-unknown-elf/8.3.0/rv32imf/ilp32f/libgcc.a(muldf3.o)
 .comment       0x0000000000000028       0x29 /home/jins/bl_iot_sdk/toolchain/riscv/Linux/bin/../lib/gcc/riscv64-unknown-elf/8.3.0/rv32imf/ilp32f/libgcc.a(subdf3.o)
 .comment       0x0000000000000028       0x29 /home/jins/bl_iot_sdk/toolchain/riscv/Linux/bin/../lib/gcc/riscv64-unknown-elf/8.3.0/rv32imf/ilp32f/libgcc.a(fixdfsi.o)
 .comment       0x0000000000000028       0x29 /home/jins/bl_iot_sdk/toolchain/riscv/Linux/bin/../lib/gcc/riscv64-unknown-elf/8.3.0/rv32imf/ilp32f/libgcc.a(_clz.o)
 .comment       0x0000000000000028       0x29 /home/jins/bl_iot_sdk/toolchain/riscv/Linux/bin/../lib/gcc/riscv64-unknown-elf/8.3.0/../../../../riscv64-unknown-elf/lib/rv32imf/ilp32f/libc.a(lib_a-memcpy.o)
 .comment       0x0000000000000028       0x29 /home/jins/bl_iot_sdk/toolchain/riscv/Linux/bin/../lib/gcc/riscv64-unknown-elf/8.3.0/../../../../riscv64-unknown-elf/lib/rv32imf/ilp32f/libc.a(lib_a-strlen.o)
 .comment       0x0000000000000028       0x29 /home/jins/bl_iot_sdk/toolchain/riscv/Linux/bin/../lib/gcc/riscv64-unknown-elf/8.3.0/../../../../riscv64-unknown-elf/lib/rv32imf/ilp32f/libc.a(lib_a-strnlen.o)

.debug_line     0x0000000000000000    0x17520
 .debug_line    0x0000000000000000      0x220 /home/jins/bl_iot_sdk/customer_app/tt_app_temperature/build_out/bl602/libbl602.a(start.o)
 .debug_line    0x0000000000000220      0xd7a /home/jins/bl_iot_sdk/customer_app/tt_app_temperature/build_out/hal_drv/libhal_drv.a(hal_boot2.o)
 .debug_line    0x0000000000000f9a      0x5c3 /home/jins/bl_iot_sdk/customer_app/tt_app_temperature/build_out/tt_app_temperature/libtt_app_temperature.a(main.o)
 .debug_line    0x000000000000155d     0x29da /home/jins/bl_iot_sdk/customer_app/tt_app_temperature/build_out/bl602/libbl602.a(debug.o)
 .debug_line    0x0000000000003f37      0x7e9 /home/jins/bl_iot_sdk/customer_app/tt_app_temperature/build_out/bl602_std/libbl602_std.a(bl602_common.o)
 .debug_line    0x0000000000004720     0x111d /home/jins/bl_iot_sdk/customer_app/tt_app_temperature/build_out/bl602_std/libbl602_std.a(platform_device.o)
 .debug_line    0x000000000000583d      0x2e9 /home/jins/bl_iot_sdk/customer_app/tt_app_temperature/build_out/bl602_std/libbl602_std.a(interrupt.o)
 .debug_line    0x0000000000005b26     0x197a /home/jins/bl_iot_sdk/customer_app/tt_app_temperature/build_out/bl602_std/libbl602_std.a(bl602_romapi.o)
 .debug_line    0x00000000000074a0     0x190f /home/jins/bl_iot_sdk/customer_app/tt_app_temperature/build_out/bl602_std/libbl602_std.a(bl602_uart.o)
 .debug_line    0x0000000000008daf     0x3a66 /home/jins/bl_iot_sdk/customer_app/tt_app_temperature/build_out/bl602_std/libbl602_std.a(bl602_glb.o)
 .debug_line    0x000000000000c815     0x2237 /home/jins/bl_iot_sdk/customer_app/tt_app_temperature/build_out/bl602_std/libbl602_std.a(bl602_hbn.o)
 .debug_line    0x000000000000ea4c      0xede /home/jins/bl_iot_sdk/customer_app/tt_app_temperature/build_out/hal_drv/libhal_drv.a(bl_uart.o)
 .debug_line    0x000000000000f92a      0x52a /home/jins/bl_iot_sdk/customer_app/tt_app_temperature/build_out/hal_drv/libhal_drv.a(bl_sys.o)
 .debug_line    0x000000000000fe54      0x791 /home/jins/bl_iot_sdk/customer_app/tt_app_temperature/build_out/hal_drv/libhal_drv.a(bl_gpio.o)
 .debug_line    0x00000000000105e5      0x3ba /home/jins/bl_iot_sdk/toolchain/riscv/Linux/bin/../lib/gcc/riscv64-unknown-elf/8.3.0/rv32imf/ilp32f/libgcc.a(_clzsi2.o)
 .debug_line    0x000000000001099f      0x9fc /home/jins/bl_iot_sdk/toolchain/riscv/Linux/bin/../lib/gcc/riscv64-unknown-elf/8.3.0/rv32imf/ilp32f/libgcc.a(_udivdi3.o)
 .debug_line    0x000000000001139b      0xaac /home/jins/bl_iot_sdk/toolchain/riscv/Linux/bin/../lib/gcc/riscv64-unknown-elf/8.3.0/rv32imf/ilp32f/libgcc.a(_umoddi3.o)
 .debug_line    0x0000000000011e47     0x141d /home/jins/bl_iot_sdk/toolchain/riscv/Linux/bin/../lib/gcc/riscv64-unknown-elf/8.3.0/rv32imf/ilp32f/libgcc.a(adddf3.o)
 .debug_line    0x0000000000013264     0x10b7 /home/jins/bl_iot_sdk/toolchain/riscv/Linux/bin/../lib/gcc/riscv64-unknown-elf/8.3.0/rv32imf/ilp32f/libgcc.a(divdf3.o)
 .debug_line    0x000000000001431b      0x2d6 /home/jins/bl_iot_sdk/toolchain/riscv/Linux/bin/../lib/gcc/riscv64-unknown-elf/8.3.0/rv32imf/ilp32f/libgcc.a(eqdf2.o)
 .debug_line    0x00000000000145f1      0x30f /home/jins/bl_iot_sdk/toolchain/riscv/Linux/bin/../lib/gcc/riscv64-unknown-elf/8.3.0/rv32imf/ilp32f/libgcc.a(gedf2.o)
 .debug_line    0x0000000000014900      0x30f /home/jins/bl_iot_sdk/toolchain/riscv/Linux/bin/../lib/gcc/riscv64-unknown-elf/8.3.0/rv32imf/ilp32f/libgcc.a(ledf2.o)
 .debug_line    0x0000000000014c0f      0xe85 /home/jins/bl_iot_sdk/toolchain/riscv/Linux/bin/../lib/gcc/riscv64-unknown-elf/8.3.0/rv32imf/ilp32f/libgcc.a(muldf3.o)
 .debug_line    0x0000000000015a94     0x1477 /home/jins/bl_iot_sdk/toolchain/riscv/Linux/bin/../lib/gcc/riscv64-unknown-elf/8.3.0/rv32imf/ilp32f/libgcc.a(subdf3.o)
 .debug_line    0x0000000000016f0b      0x2dd /home/jins/bl_iot_sdk/toolchain/riscv/Linux/bin/../lib/gcc/riscv64-unknown-elf/8.3.0/rv32imf/ilp32f/libgcc.a(fixdfsi.o)
 .debug_line    0x00000000000171e8      0x338 /home/jins/bl_iot_sdk/toolchain/riscv/Linux/bin/../lib/gcc/riscv64-unknown-elf/8.3.0/rv32imf/ilp32f/libgcc.a(_clz.o)

.debug_info     0x0000000000000000    0x1a9e4
 .debug_info    0x0000000000000000       0x26 /home/jins/bl_iot_sdk/customer_app/tt_app_temperature/build_out/bl602/libbl602.a(start.o)
 .debug_info    0x0000000000000026     0x14ed /home/jins/bl_iot_sdk/customer_app/tt_app_temperature/build_out/hal_drv/libhal_drv.a(hal_boot2.o)
 .debug_info    0x0000000000001513      0xc22 /home/jins/bl_iot_sdk/customer_app/tt_app_temperature/build_out/tt_app_temperature/libtt_app_temperature.a(main.o)
 .debug_info    0x0000000000002135     0x183d /home/jins/bl_iot_sdk/customer_app/tt_app_temperature/build_out/bl602/libbl602.a(debug.o)
 .debug_info    0x0000000000003972      0xe9c /home/jins/bl_iot_sdk/customer_app/tt_app_temperature/build_out/bl602_std/libbl602_std.a(bl602_common.o)
 .debug_info    0x000000000000480e     0x1bfc /home/jins/bl_iot_sdk/customer_app/tt_app_temperature/build_out/bl602_std/libbl602_std.a(platform_device.o)
 .debug_info    0x000000000000640a      0x258 /home/jins/bl_iot_sdk/customer_app/tt_app_temperature/build_out/bl602_std/libbl602_std.a(interrupt.o)
 .debug_info    0x0000000000006662     0x452e /home/jins/bl_iot_sdk/customer_app/tt_app_temperature/build_out/bl602_std/libbl602_std.a(bl602_romapi.o)
 .debug_info    0x000000000000ab90     0x1929 /home/jins/bl_iot_sdk/customer_app/tt_app_temperature/build_out/bl602_std/libbl602_std.a(bl602_uart.o)
 .debug_info    0x000000000000c4b9     0x29ed /home/jins/bl_iot_sdk/customer_app/tt_app_temperature/build_out/bl602_std/libbl602_std.a(bl602_glb.o)
 .debug_info    0x000000000000eea6     0x2302 /home/jins/bl_iot_sdk/customer_app/tt_app_temperature/build_out/bl602_std/libbl602_std.a(bl602_hbn.o)
 .debug_info    0x00000000000111a8     0x198e /home/jins/bl_iot_sdk/customer_app/tt_app_temperature/build_out/hal_drv/libhal_drv.a(bl_uart.o)
 .debug_info    0x0000000000012b36      0xbce /home/jins/bl_iot_sdk/customer_app/tt_app_temperature/build_out/hal_drv/libhal_drv.a(bl_sys.o)
 .debug_info    0x0000000000013704     0x11f9 /home/jins/bl_iot_sdk/customer_app/tt_app_temperature/build_out/hal_drv/libhal_drv.a(bl_gpio.o)
 .debug_info    0x00000000000148fd      0xbd7 /home/jins/bl_iot_sdk/toolchain/riscv/Linux/bin/../lib/gcc/riscv64-unknown-elf/8.3.0/rv32imf/ilp32f/libgcc.a(_clzsi2.o)
 .debug_info    0x00000000000154d4     0x1245 /home/jins/bl_iot_sdk/toolchain/riscv/Linux/bin/../lib/gcc/riscv64-unknown-elf/8.3.0/rv32imf/ilp32f/libgcc.a(_udivdi3.o)
 .debug_info    0x0000000000016719     0x12a3 /home/jins/bl_iot_sdk/toolchain/riscv/Linux/bin/../lib/gcc/riscv64-unknown-elf/8.3.0/rv32imf/ilp32f/libgcc.a(_umoddi3.o)
 .debug_info    0x00000000000179bc      0x5f2 /home/jins/bl_iot_sdk/toolchain/riscv/Linux/bin/../lib/gcc/riscv64-unknown-elf/8.3.0/rv32imf/ilp32f/libgcc.a(adddf3.o)
 .debug_info    0x0000000000017fae      0x773 /home/jins/bl_iot_sdk/toolchain/riscv/Linux/bin/../lib/gcc/riscv64-unknown-elf/8.3.0/rv32imf/ilp32f/libgcc.a(divdf3.o)
 .debug_info    0x0000000000018721      0x29e /home/jins/bl_iot_sdk/toolchain/riscv/Linux/bin/../lib/gcc/riscv64-unknown-elf/8.3.0/rv32imf/ilp32f/libgcc.a(eqdf2.o)
 .debug_info    0x00000000000189bf      0x285 /home/jins/bl_iot_sdk/toolchain/riscv/Linux/bin/../lib/gcc/riscv64-unknown-elf/8.3.0/rv32imf/ilp32f/libgcc.a(gedf2.o)
 .debug_info    0x0000000000018c44      0x285 /home/jins/bl_iot_sdk/toolchain/riscv/Linux/bin/../lib/gcc/riscv64-unknown-elf/8.3.0/rv32imf/ilp32f/libgcc.a(ledf2.o)
 .debug_info    0x0000000000018ec9      0x7ab /home/jins/bl_iot_sdk/toolchain/riscv/Linux/bin/../lib/gcc/riscv64-unknown-elf/8.3.0/rv32imf/ilp32f/libgcc.a(muldf3.o)
 .debug_info    0x0000000000019674      0x5ec /home/jins/bl_iot_sdk/toolchain/riscv/Linux/bin/../lib/gcc/riscv64-unknown-elf/8.3.0/rv32imf/ilp32f/libgcc.a(subdf3.o)
 .debug_info    0x0000000000019c60      0x21a /home/jins/bl_iot_sdk/toolchain/riscv/Linux/bin/../lib/gcc/riscv64-unknown-elf/8.3.0/rv32imf/ilp32f/libgcc.a(fixdfsi.o)
 .debug_info    0x0000000000019e7a      0xb6a /home/jins/bl_iot_sdk/toolchain/riscv/Linux/bin/../lib/gcc/riscv64-unknown-elf/8.3.0/rv32imf/ilp32f/libgcc.a(_clz.o)

.debug_abbrev   0x0000000000000000     0x439b
 .debug_abbrev  0x0000000000000000       0x14 /home/jins/bl_iot_sdk/customer_app/tt_app_temperature/build_out/bl602/libbl602.a(start.o)
 .debug_abbrev  0x0000000000000014      0x3bb /home/jins/bl_iot_sdk/customer_app/tt_app_temperature/build_out/hal_drv/libhal_drv.a(hal_boot2.o)
 .debug_abbrev  0x00000000000003cf      0x27e /home/jins/bl_iot_sdk/customer_app/tt_app_temperature/build_out/tt_app_temperature/libtt_app_temperature.a(main.o)
 .debug_abbrev  0x000000000000064d      0x4e5 /home/jins/bl_iot_sdk/customer_app/tt_app_temperature/build_out/bl602/libbl602.a(debug.o)
 .debug_abbrev  0x0000000000000b32      0x369 /home/jins/bl_iot_sdk/customer_app/tt_app_temperature/build_out/bl602_std/libbl602_std.a(bl602_common.o)
 .debug_abbrev  0x0000000000000e9b      0x490 /home/jins/bl_iot_sdk/customer_app/tt_app_temperature/build_out/bl602_std/libbl602_std.a(platform_device.o)
 .debug_abbrev  0x000000000000132b      0x12d /home/jins/bl_iot_sdk/customer_app/tt_app_temperature/build_out/bl602_std/libbl602_std.a(interrupt.o)
 .debug_abbrev  0x0000000000001458      0x396 /home/jins/bl_iot_sdk/customer_app/tt_app_temperature/build_out/bl602_std/libbl602_std.a(bl602_romapi.o)
 .debug_abbrev  0x00000000000017ee      0x2f4 /home/jins/bl_iot_sdk/customer_app/tt_app_temperature/build_out/bl602_std/libbl602_std.a(bl602_uart.o)
 .debug_abbrev  0x0000000000001ae2      0x3d2 /home/jins/bl_iot_sdk/customer_app/tt_app_temperature/build_out/bl602_std/libbl602_std.a(bl602_glb.o)
 .debug_abbrev  0x0000000000001eb4      0x37e /home/jins/bl_iot_sdk/customer_app/tt_app_temperature/build_out/bl602_std/libbl602_std.a(bl602_hbn.o)
 .debug_abbrev  0x0000000000002232      0x431 /home/jins/bl_iot_sdk/customer_app/tt_app_temperature/build_out/hal_drv/libhal_drv.a(bl_uart.o)
 .debug_abbrev  0x0000000000002663      0x31e /home/jins/bl_iot_sdk/customer_app/tt_app_temperature/build_out/hal_drv/libhal_drv.a(bl_sys.o)
 .debug_abbrev  0x0000000000002981      0x3bd /home/jins/bl_iot_sdk/customer_app/tt_app_temperature/build_out/hal_drv/libhal_drv.a(bl_gpio.o)
 .debug_abbrev  0x0000000000002d3e      0x242 /home/jins/bl_iot_sdk/toolchain/riscv/Linux/bin/../lib/gcc/riscv64-unknown-elf/8.3.0/rv32imf/ilp32f/libgcc.a(_clzsi2.o)
 .debug_abbrev  0x0000000000002f80      0x2cc /home/jins/bl_iot_sdk/toolchain/riscv/Linux/bin/../lib/gcc/riscv64-unknown-elf/8.3.0/rv32imf/ilp32f/libgcc.a(_udivdi3.o)
 .debug_abbrev  0x000000000000324c      0x2e8 /home/jins/bl_iot_sdk/toolchain/riscv/Linux/bin/../lib/gcc/riscv64-unknown-elf/8.3.0/rv32imf/ilp32f/libgcc.a(_umoddi3.o)
 .debug_abbrev  0x0000000000003534      0x19a /home/jins/bl_iot_sdk/toolchain/riscv/Linux/bin/../lib/gcc/riscv64-unknown-elf/8.3.0/rv32imf/ilp32f/libgcc.a(adddf3.o)
 .debug_abbrev  0x00000000000036ce      0x17f /home/jins/bl_iot_sdk/toolchain/riscv/Linux/bin/../lib/gcc/riscv64-unknown-elf/8.3.0/rv32imf/ilp32f/libgcc.a(divdf3.o)
 .debug_abbrev  0x000000000000384d      0x1a4 /home/jins/bl_iot_sdk/toolchain/riscv/Linux/bin/../lib/gcc/riscv64-unknown-elf/8.3.0/rv32imf/ilp32f/libgcc.a(eqdf2.o)
 .debug_abbrev  0x00000000000039f1      0x199 /home/jins/bl_iot_sdk/toolchain/riscv/Linux/bin/../lib/gcc/riscv64-unknown-elf/8.3.0/rv32imf/ilp32f/libgcc.a(gedf2.o)
 .debug_abbrev  0x0000000000003b8a      0x199 /home/jins/bl_iot_sdk/toolchain/riscv/Linux/bin/../lib/gcc/riscv64-unknown-elf/8.3.0/rv32imf/ilp32f/libgcc.a(ledf2.o)
 .debug_abbrev  0x0000000000003d23      0x186 /home/jins/bl_iot_sdk/toolchain/riscv/Linux/bin/../lib/gcc/riscv64-unknown-elf/8.3.0/rv32imf/ilp32f/libgcc.a(muldf3.o)
 .debug_abbrev  0x0000000000003ea9      0x189 /home/jins/bl_iot_sdk/toolchain/riscv/Linux/bin/../lib/gcc/riscv64-unknown-elf/8.3.0/rv32imf/ilp32f/libgcc.a(subdf3.o)
 .debug_abbrev  0x0000000000004032      0x181 /home/jins/bl_iot_sdk/toolchain/riscv/Linux/bin/../lib/gcc/riscv64-unknown-elf/8.3.0/rv32imf/ilp32f/libgcc.a(fixdfsi.o)
 .debug_abbrev  0x00000000000041b3      0x1e8 /home/jins/bl_iot_sdk/toolchain/riscv/Linux/bin/../lib/gcc/riscv64-unknown-elf/8.3.0/rv32imf/ilp32f/libgcc.a(_clz.o)

.debug_aranges  0x0000000000000000     0x10e8
 .debug_aranges
                0x0000000000000000       0x20 /home/jins/bl_iot_sdk/customer_app/tt_app_temperature/build_out/bl602/libbl602.a(start.o)
 .debug_aranges
                0x0000000000000020       0x80 /home/jins/bl_iot_sdk/customer_app/tt_app_temperature/build_out/hal_drv/libhal_drv.a(hal_boot2.o)
 .debug_aranges
                0x00000000000000a0       0x30 /home/jins/bl_iot_sdk/customer_app/tt_app_temperature/build_out/tt_app_temperature/libtt_app_temperature.a(main.o)
 .debug_aranges
                0x00000000000000d0       0x88 /home/jins/bl_iot_sdk/customer_app/tt_app_temperature/build_out/bl602/libbl602.a(debug.o)
 .debug_aranges
                0x0000000000000158       0x70 /home/jins/bl_iot_sdk/customer_app/tt_app_temperature/build_out/bl602_std/libbl602_std.a(bl602_common.o)
 .debug_aranges
                0x00000000000001c8       0xd0 /home/jins/bl_iot_sdk/customer_app/tt_app_temperature/build_out/bl602_std/libbl602_std.a(platform_device.o)
 .debug_aranges
                0x0000000000000298       0x68 /home/jins/bl_iot_sdk/customer_app/tt_app_temperature/build_out/bl602_std/libbl602_std.a(interrupt.o)
 .debug_aranges
                0x0000000000000300      0x568 /home/jins/bl_iot_sdk/customer_app/tt_app_temperature/build_out/bl602_std/libbl602_std.a(bl602_romapi.o)
 .debug_aranges
                0x0000000000000868      0x108 /home/jins/bl_iot_sdk/customer_app/tt_app_temperature/build_out/bl602_std/libbl602_std.a(bl602_uart.o)
 .debug_aranges
                0x0000000000000970      0x288 /home/jins/bl_iot_sdk/customer_app/tt_app_temperature/build_out/bl602_std/libbl602_std.a(bl602_glb.o)
 .debug_aranges
                0x0000000000000bf8      0x1f8 /home/jins/bl_iot_sdk/customer_app/tt_app_temperature/build_out/bl602_std/libbl602_std.a(bl602_hbn.o)
 .debug_aranges
                0x0000000000000df0       0xb8 /home/jins/bl_iot_sdk/customer_app/tt_app_temperature/build_out/hal_drv/libhal_drv.a(bl_uart.o)
 .debug_aranges
                0x0000000000000ea8       0x60 /home/jins/bl_iot_sdk/customer_app/tt_app_temperature/build_out/hal_drv/libhal_drv.a(bl_sys.o)
 .debug_aranges
                0x0000000000000f08       0x68 /home/jins/bl_iot_sdk/customer_app/tt_app_temperature/build_out/hal_drv/libhal_drv.a(bl_gpio.o)
 .debug_aranges
                0x0000000000000f70       0x20 /home/jins/bl_iot_sdk/toolchain/riscv/Linux/bin/../lib/gcc/riscv64-unknown-elf/8.3.0/rv32imf/ilp32f/libgcc.a(_clzsi2.o)
 .debug_aranges
                0x0000000000000f90       0x20 /home/jins/bl_iot_sdk/toolchain/riscv/Linux/bin/../lib/gcc/riscv64-unknown-elf/8.3.0/rv32imf/ilp32f/libgcc.a(_udivdi3.o)
 .debug_aranges
                0x0000000000000fb0       0x20 /home/jins/bl_iot_sdk/toolchain/riscv/Linux/bin/../lib/gcc/riscv64-unknown-elf/8.3.0/rv32imf/ilp32f/libgcc.a(_umoddi3.o)
 .debug_aranges
                0x0000000000000fd0       0x20 /home/jins/bl_iot_sdk/toolchain/riscv/Linux/bin/../lib/gcc/riscv64-unknown-elf/8.3.0/rv32imf/ilp32f/libgcc.a(adddf3.o)
 .debug_aranges
                0x0000000000000ff0       0x20 /home/jins/bl_iot_sdk/toolchain/riscv/Linux/bin/../lib/gcc/riscv64-unknown-elf/8.3.0/rv32imf/ilp32f/libgcc.a(divdf3.o)
 .debug_aranges
                0x0000000000001010       0x20 /home/jins/bl_iot_sdk/toolchain/riscv/Linux/bin/../lib/gcc/riscv64-unknown-elf/8.3.0/rv32imf/ilp32f/libgcc.a(eqdf2.o)
 .debug_aranges
                0x0000000000001030       0x20 /home/jins/bl_iot_sdk/toolchain/riscv/Linux/bin/../lib/gcc/riscv64-unknown-elf/8.3.0/rv32imf/ilp32f/libgcc.a(gedf2.o)
 .debug_aranges
                0x0000000000001050       0x20 /home/jins/bl_iot_sdk/toolchain/riscv/Linux/bin/../lib/gcc/riscv64-unknown-elf/8.3.0/rv32imf/ilp32f/libgcc.a(ledf2.o)
 .debug_aranges
                0x0000000000001070       0x20 /home/jins/bl_iot_sdk/toolchain/riscv/Linux/bin/../lib/gcc/riscv64-unknown-elf/8.3.0/rv32imf/ilp32f/libgcc.a(muldf3.o)
 .debug_aranges
                0x0000000000001090       0x20 /home/jins/bl_iot_sdk/toolchain/riscv/Linux/bin/../lib/gcc/riscv64-unknown-elf/8.3.0/rv32imf/ilp32f/libgcc.a(subdf3.o)
 .debug_aranges
                0x00000000000010b0       0x20 /home/jins/bl_iot_sdk/toolchain/riscv/Linux/bin/../lib/gcc/riscv64-unknown-elf/8.3.0/rv32imf/ilp32f/libgcc.a(fixdfsi.o)
 .debug_aranges
                0x00000000000010d0       0x18 /home/jins/bl_iot_sdk/toolchain/riscv/Linux/bin/../lib/gcc/riscv64-unknown-elf/8.3.0/rv32imf/ilp32f/libgcc.a(_clz.o)

.debug_str      0x0000000000000000     0x762a
 .debug_str     0x0000000000000000       0x98 /home/jins/bl_iot_sdk/customer_app/tt_app_temperature/build_out/bl602/libbl602.a(start.o)
 .debug_str     0x0000000000000098      0x95b /home/jins/bl_iot_sdk/customer_app/tt_app_temperature/build_out/hal_drv/libhal_drv.a(hal_boot2.o)
                                        0xa59 (size before relaxing)
 .debug_str     0x00000000000009f3      0x142 /home/jins/bl_iot_sdk/customer_app/tt_app_temperature/build_out/tt_app_temperature/libtt_app_temperature.a(main.o)
                                        0x703 (size before relaxing)
 .debug_str     0x0000000000000b35      0x2ec /home/jins/bl_iot_sdk/customer_app/tt_app_temperature/build_out/bl602/libbl602.a(debug.o)
                                        0x8e0 (size before relaxing)
 .debug_str     0x0000000000000e21      0x107 /home/jins/bl_iot_sdk/customer_app/tt_app_temperature/build_out/bl602_std/libbl602_std.a(bl602_common.o)
                                        0x6f4 (size before relaxing)
 .debug_str     0x0000000000000f28      0xdcf /home/jins/bl_iot_sdk/customer_app/tt_app_temperature/build_out/bl602_std/libbl602_std.a(platform_device.o)
                                       0x147d (size before relaxing)
 .debug_str     0x0000000000001cf7      0x10f /home/jins/bl_iot_sdk/customer_app/tt_app_temperature/build_out/bl602_std/libbl602_std.a(interrupt.o)
                                        0x2f3 (size before relaxing)
 .debug_str     0x0000000000001e06     0x2ff9 /home/jins/bl_iot_sdk/customer_app/tt_app_temperature/build_out/bl602_std/libbl602_std.a(bl602_romapi.o)
                                       0x4463 (size before relaxing)
 .debug_str     0x0000000000004dff      0x3df /home/jins/bl_iot_sdk/customer_app/tt_app_temperature/build_out/bl602_std/libbl602_std.a(bl602_uart.o)
                                        0xf31 (size before relaxing)
 .debug_str     0x00000000000051de      0xd3e /home/jins/bl_iot_sdk/customer_app/tt_app_temperature/build_out/bl602_std/libbl602_std.a(bl602_glb.o)
                                       0x1ead (size before relaxing)
 .debug_str     0x0000000000005f1c      0x739 /home/jins/bl_iot_sdk/customer_app/tt_app_temperature/build_out/bl602_std/libbl602_std.a(bl602_hbn.o)
                                       0x1935 (size before relaxing)
 .debug_str     0x0000000000006655      0x2d0 /home/jins/bl_iot_sdk/customer_app/tt_app_temperature/build_out/hal_drv/libhal_drv.a(bl_uart.o)
                                       0x114c (size before relaxing)
 .debug_str     0x0000000000006925      0x135 /home/jins/bl_iot_sdk/customer_app/tt_app_temperature/build_out/hal_drv/libhal_drv.a(bl_sys.o)
                                        0x78b (size before relaxing)
 .debug_str     0x0000000000006a5a      0x13b /home/jins/bl_iot_sdk/customer_app/tt_app_temperature/build_out/hal_drv/libhal_drv.a(bl_gpio.o)
                                        0xd1e (size before relaxing)
 .debug_str     0x0000000000006b95      0x356 /home/jins/bl_iot_sdk/toolchain/riscv/Linux/bin/../lib/gcc/riscv64-unknown-elf/8.3.0/rv32imf/ilp32f/libgcc.a(_clzsi2.o)
                                        0x805 (size before relaxing)
 .debug_str     0x0000000000006eeb      0x132 /home/jins/bl_iot_sdk/toolchain/riscv/Linux/bin/../lib/gcc/riscv64-unknown-elf/8.3.0/rv32imf/ilp32f/libgcc.a(_udivdi3.o)
                                        0x8a1 (size before relaxing)
 .debug_str     0x000000000000701d        0xa /home/jins/bl_iot_sdk/toolchain/riscv/Linux/bin/../lib/gcc/riscv64-unknown-elf/8.3.0/rv32imf/ilp32f/libgcc.a(_umoddi3.o)
                                        0x8a1 (size before relaxing)
 .debug_str     0x0000000000007027      0x194 /home/jins/bl_iot_sdk/toolchain/riscv/Linux/bin/../lib/gcc/riscv64-unknown-elf/8.3.0/rv32imf/ilp32f/libgcc.a(adddf3.o)
                                        0x367 (size before relaxing)
 .debug_str     0x00000000000071bb      0x19c /home/jins/bl_iot_sdk/toolchain/riscv/Linux/bin/../lib/gcc/riscv64-unknown-elf/8.3.0/rv32imf/ilp32f/libgcc.a(divdf3.o)
                                        0x429 (size before relaxing)
 .debug_str     0x0000000000007357       0x57 /home/jins/bl_iot_sdk/toolchain/riscv/Linux/bin/../lib/gcc/riscv64-unknown-elf/8.3.0/rv32imf/ilp32f/libgcc.a(eqdf2.o)
                                        0x281 (size before relaxing)
 .debug_str     0x00000000000073ae       0x5c /home/jins/bl_iot_sdk/toolchain/riscv/Linux/bin/../lib/gcc/riscv64-unknown-elf/8.3.0/rv32imf/ilp32f/libgcc.a(gedf2.o)
                                        0x2a5 (size before relaxing)
 .debug_str     0x000000000000740a       0x38 /home/jins/bl_iot_sdk/toolchain/riscv/Linux/bin/../lib/gcc/riscv64-unknown-elf/8.3.0/rv32imf/ilp32f/libgcc.a(ledf2.o)
                                        0x2a5 (size before relaxing)
 .debug_str     0x0000000000007442      0x15f /home/jins/bl_iot_sdk/toolchain/riscv/Linux/bin/../lib/gcc/riscv64-unknown-elf/8.3.0/rv32imf/ilp32f/libgcc.a(muldf3.o)
                                        0x481 (size before relaxing)
 .debug_str     0x00000000000075a1       0x3a /home/jins/bl_iot_sdk/toolchain/riscv/Linux/bin/../lib/gcc/riscv64-unknown-elf/8.3.0/rv32imf/ilp32f/libgcc.a(subdf3.o)
                                        0x367 (size before relaxing)
 .debug_str     0x00000000000075db       0x4f /home/jins/bl_iot_sdk/toolchain/riscv/Linux/bin/../lib/gcc/riscv64-unknown-elf/8.3.0/rv32imf/ilp32f/libgcc.a(fixdfsi.o)
                                        0x27e (size before relaxing)
 .debug_str     0x000000000000762a      0x7e8 /home/jins/bl_iot_sdk/toolchain/riscv/Linux/bin/../lib/gcc/riscv64-unknown-elf/8.3.0/rv32imf/ilp32f/libgcc.a(_clz.o)

.debug_loc      0x0000000000000000    0x1211c
 .debug_loc     0x0000000000000000      0x775 /home/jins/bl_iot_sdk/customer_app/tt_app_temperature/build_out/hal_drv/libhal_drv.a(hal_boot2.o)
 .debug_loc     0x0000000000000775       0x86 /home/jins/bl_iot_sdk/customer_app/tt_app_temperature/build_out/tt_app_temperature/libtt_app_temperature.a(main.o)
 .debug_loc     0x00000000000007fb     0x233d /home/jins/bl_iot_sdk/customer_app/tt_app_temperature/build_out/bl602/libbl602.a(debug.o)
 .debug_loc     0x0000000000002b38      0x64e /home/jins/bl_iot_sdk/customer_app/tt_app_temperature/build_out/bl602_std/libbl602_std.a(bl602_common.o)
 .debug_loc     0x0000000000003186      0x61a /home/jins/bl_iot_sdk/customer_app/tt_app_temperature/build_out/bl602_std/libbl602_std.a(platform_device.o)
 .debug_loc     0x00000000000037a0      0x122 /home/jins/bl_iot_sdk/customer_app/tt_app_temperature/build_out/bl602_std/libbl602_std.a(interrupt.o)
 .debug_loc     0x00000000000038c2     0x1c9e /home/jins/bl_iot_sdk/customer_app/tt_app_temperature/build_out/bl602_std/libbl602_std.a(bl602_romapi.o)
 .debug_loc     0x0000000000005560     0x10b9 /home/jins/bl_iot_sdk/customer_app/tt_app_temperature/build_out/bl602_std/libbl602_std.a(bl602_uart.o)
 .debug_loc     0x0000000000006619     0x1b1b /home/jins/bl_iot_sdk/customer_app/tt_app_temperature/build_out/bl602_std/libbl602_std.a(bl602_glb.o)
 .debug_loc     0x0000000000008134     0x1008 /home/jins/bl_iot_sdk/customer_app/tt_app_temperature/build_out/bl602_std/libbl602_std.a(bl602_hbn.o)
 .debug_loc     0x000000000000913c      0x5e6 /home/jins/bl_iot_sdk/customer_app/tt_app_temperature/build_out/hal_drv/libhal_drv.a(bl_uart.o)
 .debug_loc     0x0000000000009722       0x4e /home/jins/bl_iot_sdk/customer_app/tt_app_temperature/build_out/hal_drv/libhal_drv.a(bl_sys.o)
 .debug_loc     0x0000000000009770      0x452 /home/jins/bl_iot_sdk/customer_app/tt_app_temperature/build_out/hal_drv/libhal_drv.a(bl_gpio.o)
 .debug_loc     0x0000000000009bc2       0x6b /home/jins/bl_iot_sdk/toolchain/riscv/Linux/bin/../lib/gcc/riscv64-unknown-elf/8.3.0/rv32imf/ilp32f/libgcc.a(_clzsi2.o)
 .debug_loc     0x0000000000009c2d      0xbd0 /home/jins/bl_iot_sdk/toolchain/riscv/Linux/bin/../lib/gcc/riscv64-unknown-elf/8.3.0/rv32imf/ilp32f/libgcc.a(_udivdi3.o)
 .debug_loc     0x000000000000a7fd      0x969 /home/jins/bl_iot_sdk/toolchain/riscv/Linux/bin/../lib/gcc/riscv64-unknown-elf/8.3.0/rv32imf/ilp32f/libgcc.a(_umoddi3.o)
 .debug_loc     0x000000000000b166     0x1dad /home/jins/bl_iot_sdk/toolchain/riscv/Linux/bin/../lib/gcc/riscv64-unknown-elf/8.3.0/rv32imf/ilp32f/libgcc.a(adddf3.o)
 .debug_loc     0x000000000000cf13     0x16c9 /home/jins/bl_iot_sdk/toolchain/riscv/Linux/bin/../lib/gcc/riscv64-unknown-elf/8.3.0/rv32imf/ilp32f/libgcc.a(divdf3.o)
 .debug_loc     0x000000000000e5dc      0x192 /home/jins/bl_iot_sdk/toolchain/riscv/Linux/bin/../lib/gcc/riscv64-unknown-elf/8.3.0/rv32imf/ilp32f/libgcc.a(eqdf2.o)
 .debug_loc     0x000000000000e76e      0x156 /home/jins/bl_iot_sdk/toolchain/riscv/Linux/bin/../lib/gcc/riscv64-unknown-elf/8.3.0/rv32imf/ilp32f/libgcc.a(gedf2.o)
 .debug_loc     0x000000000000e8c4      0x156 /home/jins/bl_iot_sdk/toolchain/riscv/Linux/bin/../lib/gcc/riscv64-unknown-elf/8.3.0/rv32imf/ilp32f/libgcc.a(ledf2.o)
 .debug_loc     0x000000000000ea1a     0x112d /home/jins/bl_iot_sdk/toolchain/riscv/Linux/bin/../lib/gcc/riscv64-unknown-elf/8.3.0/rv32imf/ilp32f/libgcc.a(muldf3.o)
 .debug_loc     0x000000000000fb47     0x2366 /home/jins/bl_iot_sdk/toolchain/riscv/Linux/bin/../lib/gcc/riscv64-unknown-elf/8.3.0/rv32imf/ilp32f/libgcc.a(subdf3.o)
 .debug_loc     0x0000000000011ead      0x26f /home/jins/bl_iot_sdk/toolchain/riscv/Linux/bin/../lib/gcc/riscv64-unknown-elf/8.3.0/rv32imf/ilp32f/libgcc.a(fixdfsi.o)

.debug_ranges   0x0000000000000000     0x1dc0
 .debug_ranges  0x0000000000000000       0xa0 /home/jins/bl_iot_sdk/customer_app/tt_app_temperature/build_out/hal_drv/libhal_drv.a(hal_boot2.o)
 .debug_ranges  0x00000000000000a0       0x20 /home/jins/bl_iot_sdk/customer_app/tt_app_temperature/build_out/tt_app_temperature/libtt_app_temperature.a(main.o)
 .debug_ranges  0x00000000000000c0      0x138 /home/jins/bl_iot_sdk/customer_app/tt_app_temperature/build_out/bl602/libbl602.a(debug.o)
 .debug_ranges  0x00000000000001f8       0x78 /home/jins/bl_iot_sdk/customer_app/tt_app_temperature/build_out/bl602_std/libbl602_std.a(bl602_common.o)
 .debug_ranges  0x0000000000000270       0xc0 /home/jins/bl_iot_sdk/customer_app/tt_app_temperature/build_out/bl602_std/libbl602_std.a(platform_device.o)
 .debug_ranges  0x0000000000000330       0x58 /home/jins/bl_iot_sdk/customer_app/tt_app_temperature/build_out/bl602_std/libbl602_std.a(interrupt.o)
 .debug_ranges  0x0000000000000388      0x558 /home/jins/bl_iot_sdk/customer_app/tt_app_temperature/build_out/bl602_std/libbl602_std.a(bl602_romapi.o)
 .debug_ranges  0x00000000000008e0       0xf8 /home/jins/bl_iot_sdk/customer_app/tt_app_temperature/build_out/bl602_std/libbl602_std.a(bl602_uart.o)
 .debug_ranges  0x00000000000009d8      0x2a8 /home/jins/bl_iot_sdk/customer_app/tt_app_temperature/build_out/bl602_std/libbl602_std.a(bl602_glb.o)
 .debug_ranges  0x0000000000000c80      0x1e8 /home/jins/bl_iot_sdk/customer_app/tt_app_temperature/build_out/bl602_std/libbl602_std.a(bl602_hbn.o)
 .debug_ranges  0x0000000000000e68       0xc0 /home/jins/bl_iot_sdk/customer_app/tt_app_temperature/build_out/hal_drv/libhal_drv.a(bl_uart.o)
 .debug_ranges  0x0000000000000f28       0x80 /home/jins/bl_iot_sdk/customer_app/tt_app_temperature/build_out/hal_drv/libhal_drv.a(bl_sys.o)
 .debug_ranges  0x0000000000000fa8       0x88 /home/jins/bl_iot_sdk/customer_app/tt_app_temperature/build_out/hal_drv/libhal_drv.a(bl_gpio.o)
 .debug_ranges  0x0000000000001030       0x20 /home/jins/bl_iot_sdk/toolchain/riscv/Linux/bin/../lib/gcc/riscv64-unknown-elf/8.3.0/rv32imf/ilp32f/libgcc.a(_clzsi2.o)
 .debug_ranges  0x0000000000001050      0x100 /home/jins/bl_iot_sdk/toolchain/riscv/Linux/bin/../lib/gcc/riscv64-unknown-elf/8.3.0/rv32imf/ilp32f/libgcc.a(_udivdi3.o)
 .debug_ranges  0x0000000000001150       0xd0 /home/jins/bl_iot_sdk/toolchain/riscv/Linux/bin/../lib/gcc/riscv64-unknown-elf/8.3.0/rv32imf/ilp32f/libgcc.a(_umoddi3.o)
 .debug_ranges  0x0000000000001220      0x2f0 /home/jins/bl_iot_sdk/toolchain/riscv/Linux/bin/../lib/gcc/riscv64-unknown-elf/8.3.0/rv32imf/ilp32f/libgcc.a(adddf3.o)
 .debug_ranges  0x0000000000001510      0x1d0 /home/jins/bl_iot_sdk/toolchain/riscv/Linux/bin/../lib/gcc/riscv64-unknown-elf/8.3.0/rv32imf/ilp32f/libgcc.a(divdf3.o)
 .debug_ranges  0x00000000000016e0       0x60 /home/jins/bl_iot_sdk/toolchain/riscv/Linux/bin/../lib/gcc/riscv64-unknown-elf/8.3.0/rv32imf/ilp32f/libgcc.a(eqdf2.o)
 .debug_ranges  0x0000000000001740       0x68 /home/jins/bl_iot_sdk/toolchain/riscv/Linux/bin/../lib/gcc/riscv64-unknown-elf/8.3.0/rv32imf/ilp32f/libgcc.a(gedf2.o)
 .debug_ranges  0x00000000000017a8       0x68 /home/jins/bl_iot_sdk/toolchain/riscv/Linux/bin/../lib/gcc/riscv64-unknown-elf/8.3.0/rv32imf/ilp32f/libgcc.a(ledf2.o)
 .debug_ranges  0x0000000000001810      0x230 /home/jins/bl_iot_sdk/toolchain/riscv/Linux/bin/../lib/gcc/riscv64-unknown-elf/8.3.0/rv32imf/ilp32f/libgcc.a(muldf3.o)
 .debug_ranges  0x0000000000001a40      0x330 /home/jins/bl_iot_sdk/toolchain/riscv/Linux/bin/../lib/gcc/riscv64-unknown-elf/8.3.0/rv32imf/ilp32f/libgcc.a(subdf3.o)
 .debug_ranges  0x0000000000001d70       0x50 /home/jins/bl_iot_sdk/toolchain/riscv/Linux/bin/../lib/gcc/riscv64-unknown-elf/8.3.0/rv32imf/ilp32f/libgcc.a(fixdfsi.o)

.debug_frame    0x0000000000000000     0x27d4
 .debug_frame   0x0000000000000000      0x1e0 /home/jins/bl_iot_sdk/customer_app/tt_app_temperature/build_out/hal_drv/libhal_drv.a(hal_boot2.o)
 .debug_frame   0x00000000000001e0       0x60 /home/jins/bl_iot_sdk/customer_app/tt_app_temperature/build_out/tt_app_temperature/libtt_app_temperature.a(main.o)
 .debug_frame   0x0000000000000240      0x254 /home/jins/bl_iot_sdk/customer_app/tt_app_temperature/build_out/bl602/libbl602.a(debug.o)
 .debug_frame   0x0000000000000494      0x12c /home/jins/bl_iot_sdk/customer_app/tt_app_temperature/build_out/bl602_std/libbl602_std.a(bl602_common.o)
 .debug_frame   0x00000000000005c0      0x300 /home/jins/bl_iot_sdk/customer_app/tt_app_temperature/build_out/bl602_std/libbl602_std.a(platform_device.o)
 .debug_frame   0x00000000000008c0      0x1e8 /home/jins/bl_iot_sdk/customer_app/tt_app_temperature/build_out/bl602_std/libbl602_std.a(interrupt.o)
 .debug_frame   0x0000000000000aa8      0xab0 /home/jins/bl_iot_sdk/customer_app/tt_app_temperature/build_out/bl602_std/libbl602_std.a(bl602_romapi.o)
 .debug_frame   0x0000000000001558      0x274 /home/jins/bl_iot_sdk/customer_app/tt_app_temperature/build_out/bl602_std/libbl602_std.a(bl602_uart.o)
 .debug_frame   0x00000000000017cc      0x574 /home/jins/bl_iot_sdk/customer_app/tt_app_temperature/build_out/bl602_std/libbl602_std.a(bl602_glb.o)
 .debug_frame   0x0000000000001d40      0x48c /home/jins/bl_iot_sdk/customer_app/tt_app_temperature/build_out/bl602_std/libbl602_std.a(bl602_hbn.o)
 .debug_frame   0x00000000000021cc      0x248 /home/jins/bl_iot_sdk/customer_app/tt_app_temperature/build_out/hal_drv/libhal_drv.a(bl_uart.o)
 .debug_frame   0x0000000000002414       0xd4 /home/jins/bl_iot_sdk/customer_app/tt_app_temperature/build_out/hal_drv/libhal_drv.a(bl_sys.o)
 .debug_frame   0x00000000000024e8      0x114 /home/jins/bl_iot_sdk/customer_app/tt_app_temperature/build_out/hal_drv/libhal_drv.a(bl_gpio.o)
 .debug_frame   0x00000000000025fc       0x20 /home/jins/bl_iot_sdk/toolchain/riscv/Linux/bin/../lib/gcc/riscv64-unknown-elf/8.3.0/rv32imf/ilp32f/libgcc.a(_clzsi2.o)
 .debug_frame   0x000000000000261c       0x44 /home/jins/bl_iot_sdk/toolchain/riscv/Linux/bin/../lib/gcc/riscv64-unknown-elf/8.3.0/rv32imf/ilp32f/libgcc.a(adddf3.o)
 .debug_frame   0x0000000000002660       0x58 /home/jins/bl_iot_sdk/toolchain/riscv/Linux/bin/../lib/gcc/riscv64-unknown-elf/8.3.0/rv32imf/ilp32f/libgcc.a(divdf3.o)
 .debug_frame   0x00000000000026b8       0x20 /home/jins/bl_iot_sdk/toolchain/riscv/Linux/bin/../lib/gcc/riscv64-unknown-elf/8.3.0/rv32imf/ilp32f/libgcc.a(eqdf2.o)
 .debug_frame   0x00000000000026d8       0x20 /home/jins/bl_iot_sdk/toolchain/riscv/Linux/bin/../lib/gcc/riscv64-unknown-elf/8.3.0/rv32imf/ilp32f/libgcc.a(gedf2.o)
 .debug_frame   0x00000000000026f8       0x20 /home/jins/bl_iot_sdk/toolchain/riscv/Linux/bin/../lib/gcc/riscv64-unknown-elf/8.3.0/rv32imf/ilp32f/libgcc.a(ledf2.o)
 .debug_frame   0x0000000000002718       0x58 /home/jins/bl_iot_sdk/toolchain/riscv/Linux/bin/../lib/gcc/riscv64-unknown-elf/8.3.0/rv32imf/ilp32f/libgcc.a(muldf3.o)
 .debug_frame   0x0000000000002770       0x44 /home/jins/bl_iot_sdk/toolchain/riscv/Linux/bin/../lib/gcc/riscv64-unknown-elf/8.3.0/rv32imf/ilp32f/libgcc.a(subdf3.o)
 .debug_frame   0x00000000000027b4       0x20 /home/jins/bl_iot_sdk/toolchain/riscv/Linux/bin/../lib/gcc/riscv64-unknown-elf/8.3.0/rv32imf/ilp32f/libgcc.a(fixdfsi.o)

Cross Reference Table

Symbol                                            File
AON_Get_Xtal_CapCode                              /home/jins/bl_iot_sdk/customer_app/tt_app_temperature/build_out/bl602_std/libbl602_std.a(bl602_romapi.o)
AON_LowPower_Enter_PDS0                           /home/jins/bl_iot_sdk/customer_app/tt_app_temperature/build_out/bl602_std/libbl602_std.a(bl602_romapi.o)
AON_LowPower_Exit_PDS0                            /home/jins/bl_iot_sdk/customer_app/tt_app_temperature/build_out/bl602_std/libbl602_std.a(bl602_romapi.o)
AON_Power_Off_BG                                  /home/jins/bl_iot_sdk/customer_app/tt_app_temperature/build_out/bl602_std/libbl602_std.a(bl602_romapi.o)
AON_Power_Off_LDO11_SOC                           /home/jins/bl_iot_sdk/customer_app/tt_app_temperature/build_out/bl602_std/libbl602_std.a(bl602_romapi.o)
AON_Power_Off_LDO15_RF                            /home/jins/bl_iot_sdk/customer_app/tt_app_temperature/build_out/bl602_std/libbl602_std.a(bl602_romapi.o)
AON_Power_Off_MBG                                 /home/jins/bl_iot_sdk/customer_app/tt_app_temperature/build_out/bl602_std/libbl602_std.a(bl602_romapi.o)
AON_Power_Off_SFReg                               /home/jins/bl_iot_sdk/customer_app/tt_app_temperature/build_out/bl602_std/libbl602_std.a(bl602_romapi.o)
AON_Power_Off_XTAL                                /home/jins/bl_iot_sdk/customer_app/tt_app_temperature/build_out/bl602_std/libbl602_std.a(bl602_romapi.o)
AON_Power_On_BG                                   /home/jins/bl_iot_sdk/customer_app/tt_app_temperature/build_out/bl602_std/libbl602_std.a(bl602_romapi.o)
AON_Power_On_LDO11_SOC                            /home/jins/bl_iot_sdk/customer_app/tt_app_temperature/build_out/bl602_std/libbl602_std.a(bl602_romapi.o)
AON_Power_On_LDO15_RF                             /home/jins/bl_iot_sdk/customer_app/tt_app_temperature/build_out/bl602_std/libbl602_std.a(bl602_romapi.o)
AON_Power_On_MBG                                  /home/jins/bl_iot_sdk/customer_app/tt_app_temperature/build_out/bl602_std/libbl602_std.a(bl602_romapi.o)
AON_Power_On_SFReg                                /home/jins/bl_iot_sdk/customer_app/tt_app_temperature/build_out/bl602_std/libbl602_std.a(bl602_romapi.o)
AON_Power_On_XTAL                                 /home/jins/bl_iot_sdk/customer_app/tt_app_temperature/build_out/bl602_std/libbl602_std.a(bl602_romapi.o)
                                                  /home/jins/bl_iot_sdk/customer_app/tt_app_temperature/build_out/bl602_std/libbl602_std.a(bl602_glb.o)
AON_Set_Xtal_CapCode                              /home/jins/bl_iot_sdk/customer_app/tt_app_temperature/build_out/bl602_std/libbl602_std.a(bl602_romapi.o)
ASM_Delay_Us                                      /home/jins/bl_iot_sdk/customer_app/tt_app_temperature/build_out/bl602_std/libbl602_std.a(bl602_romapi.o)
                                                  /home/jins/bl_iot_sdk/customer_app/tt_app_temperature/build_out/bl602_std/libbl602_std.a(bl602_common.o)
BFLB_Soft_CRC16                                   /home/jins/bl_iot_sdk/customer_app/tt_app_temperature/build_out/bl602_std/libbl602_std.a(softcrc.o)
BFLB_Soft_CRC32                                   /home/jins/bl_iot_sdk/customer_app/tt_app_temperature/build_out/bl602_std/libbl602_std.a(bl602_romapi.o)
                                                  /home/jins/bl_iot_sdk/customer_app/tt_app_temperature/build_out/bl602_std/libbl602_std.a(softcrc.o)
                                                  /home/jins/bl_iot_sdk/customer_app/tt_app_temperature/build_out/hal_drv/libhal_drv.a(bl_boot2.o)